Component: ARM Compiler 5.06 update 6 (build 750) Tool: armlink [4d35ed]

==============================================================================

Section Cross References

    startup_stm32f10x_hd.o(RESET) refers to startup_stm32f10x_hd.o(STACK) for __initial_sp
    startup_stm32f10x_hd.o(RESET) refers to startup_stm32f10x_hd.o(.text) for Reset_Handler
    startup_stm32f10x_hd.o(RESET) refers to stm32f10x_it.o(i.NMI_Handler) for NMI_Handler
    startup_stm32f10x_hd.o(RESET) refers to stm32f10x_it.o(i.HardFault_Handler) for HardFault_Handler
    startup_stm32f10x_hd.o(RESET) refers to stm32f10x_it.o(i.MemManage_Handler) for MemManage_Handler
    startup_stm32f10x_hd.o(RESET) refers to stm32f10x_it.o(i.BusFault_Handler) for BusFault_Handler
    startup_stm32f10x_hd.o(RESET) refers to stm32f10x_it.o(i.UsageFault_Handler) for UsageFault_Handler
    startup_stm32f10x_hd.o(RESET) refers to stm32f10x_it.o(i.SVC_Handler) for SVC_Handler
    startup_stm32f10x_hd.o(RESET) refers to stm32f10x_it.o(i.DebugMon_Handler) for DebugMon_Handler
    startup_stm32f10x_hd.o(RESET) refers to stm32f10x_it.o(i.SysTick_Handler) for SysTick_Handler
    startup_stm32f10x_hd.o(RESET) refers to stm32f10x_it.o(i.DMA1_Channel1_IRQHandler) for DMA1_Channel1_IRQHandler
    startup_stm32f10x_hd.o(RESET) refers to stm32f10x_it.o(i.DMA1_Channel2_IRQHandler) for DMA1_Channel2_IRQHandler
    startup_stm32f10x_hd.o(RESET) refers to stm32f10x_it.o(i.USART1_IRQHandler) for USART1_IRQHandler
    startup_stm32f10x_hd.o(RESET) refers to stm32f10x_it.o(i.USART2_IRQHandler) for USART2_IRQHandler
    startup_stm32f10x_hd.o(.text) refers to system_stm32f10x.o(i.SystemInit) for SystemInit
    startup_stm32f10x_hd.o(.text) refers to entry.o(.ARM.Collect$$$$00000000) for __main
    stm32f10x_adc.o(i.ADC_DeInit) refers to stm32f10x_rcc.o(i.RCC_APB2PeriphResetCmd) for RCC_APB2PeriphResetCmd
    stm32f10x_bkp.o(i.BKP_DeInit) refers to stm32f10x_rcc.o(i.RCC_BackupResetCmd) for RCC_BackupResetCmd
    stm32f10x_can.o(i.CAN_DeInit) refers to stm32f10x_rcc.o(i.RCC_APB1PeriphResetCmd) for RCC_APB1PeriphResetCmd
    stm32f10x_can.o(i.CAN_GetITStatus) refers to stm32f10x_can.o(i.CheckITStatus) for CheckITStatus
    stm32f10x_cec.o(i.CEC_DeInit) refers to stm32f10x_rcc.o(i.RCC_APB1PeriphResetCmd) for RCC_APB1PeriphResetCmd
    stm32f10x_dac.o(i.DAC_DeInit) refers to stm32f10x_rcc.o(i.RCC_APB1PeriphResetCmd) for RCC_APB1PeriphResetCmd
    stm32f10x_flash.o(i.FLASH_EnableWriteProtection) refers to stm32f10x_flash.o(i.FLASH_WaitForLastOperation) for FLASH_WaitForLastOperation
    stm32f10x_flash.o(i.FLASH_EraseAllBank1Pages) refers to stm32f10x_flash.o(i.FLASH_WaitForLastBank1Operation) for FLASH_WaitForLastBank1Operation
    stm32f10x_flash.o(i.FLASH_EraseAllPages) refers to stm32f10x_flash.o(i.FLASH_WaitForLastOperation) for FLASH_WaitForLastOperation
    stm32f10x_flash.o(i.FLASH_EraseOptionBytes) refers to stm32f10x_flash.o(i.FLASH_GetReadOutProtectionStatus) for FLASH_GetReadOutProtectionStatus
    stm32f10x_flash.o(i.FLASH_EraseOptionBytes) refers to stm32f10x_flash.o(i.FLASH_WaitForLastOperation) for FLASH_WaitForLastOperation
    stm32f10x_flash.o(i.FLASH_ErasePage) refers to stm32f10x_flash.o(i.FLASH_WaitForLastOperation) for FLASH_WaitForLastOperation
    stm32f10x_flash.o(i.FLASH_ProgramHalfWord) refers to stm32f10x_flash.o(i.FLASH_WaitForLastOperation) for FLASH_WaitForLastOperation
    stm32f10x_flash.o(i.FLASH_ProgramOptionByteData) refers to stm32f10x_flash.o(i.FLASH_WaitForLastOperation) for FLASH_WaitForLastOperation
    stm32f10x_flash.o(i.FLASH_ProgramWord) refers to stm32f10x_flash.o(i.FLASH_WaitForLastOperation) for FLASH_WaitForLastOperation
    stm32f10x_flash.o(i.FLASH_ReadOutProtection) refers to stm32f10x_flash.o(i.FLASH_WaitForLastOperation) for FLASH_WaitForLastOperation
    stm32f10x_flash.o(i.FLASH_UserOptionByteConfig) refers to stm32f10x_flash.o(i.FLASH_WaitForLastOperation) for FLASH_WaitForLastOperation
    stm32f10x_flash.o(i.FLASH_WaitForLastBank1Operation) refers to stm32f10x_flash.o(i.FLASH_GetBank1Status) for FLASH_GetBank1Status
    stm32f10x_flash.o(i.FLASH_WaitForLastOperation) refers to stm32f10x_flash.o(i.FLASH_GetBank1Status) for FLASH_GetBank1Status
    stm32f10x_gpio.o(i.GPIO_AFIODeInit) refers to stm32f10x_rcc.o(i.RCC_APB2PeriphResetCmd) for RCC_APB2PeriphResetCmd
    stm32f10x_gpio.o(i.GPIO_DeInit) refers to stm32f10x_rcc.o(i.RCC_APB2PeriphResetCmd) for RCC_APB2PeriphResetCmd
    stm32f10x_i2c.o(i.I2C_DeInit) refers to stm32f10x_rcc.o(i.RCC_APB1PeriphResetCmd) for RCC_APB1PeriphResetCmd
    stm32f10x_i2c.o(i.I2C_Init) refers to stm32f10x_rcc.o(i.RCC_GetClocksFreq) for RCC_GetClocksFreq
    stm32f10x_pwr.o(i.PWR_DeInit) refers to stm32f10x_rcc.o(i.RCC_APB1PeriphResetCmd) for RCC_APB1PeriphResetCmd
    stm32f10x_rcc.o(i.RCC_GetClocksFreq) refers to stm32f10x_rcc.o(.data) for .data
    stm32f10x_rcc.o(i.RCC_WaitForHSEStartUp) refers to stm32f10x_rcc.o(i.RCC_GetFlagStatus) for RCC_GetFlagStatus
[...]
    Removing stm32f10x_bkp.o(i.BKP_ClearITPendingBit), (16 bytes).
    Removing stm32f10x_bkp.o(i.BKP_DeInit), (18 bytes).
    Removing stm32f10x_bkp.o(i.BKP_GetFlagStatus), (12 bytes).
    Removing stm32f10x_bkp.o(i.BKP_GetITStatus), (12 bytes).
    Removing stm32f10x_bkp.o(i.BKP_ITConfig), (12 bytes).
    Removing stm32f10x_bkp.o(i.BKP_RTCOutputConfig), (20 bytes).
    Removing stm32f10x_bkp.o(i.BKP_ReadBackupRegister), (16 bytes).
    Removing stm32f10x_bkp.o(i.BKP_SetRTCCalibrationValue), (20 bytes).
    Removing stm32f10x_bkp.o(i.BKP_TamperPinCmd), (12 bytes).
    Removing stm32f10x_bkp.o(i.BKP_TamperPinLevelConfig), (12 bytes).
    Removing stm32f10x_bkp.o(i.BKP_WriteBackupRegister), (16 bytes).
    Removing stm32f10x_can.o(i.CAN_CancelTransmit), (36 bytes).
    Removing stm32f10x_can.o(i.CAN_ClearFlag), (48 bytes).
    Removing stm32f10x_can.o(i.CAN_ClearITPendingBit), (120 bytes).
    Removing stm32f10x_can.o(i.CAN_DBGFreeze), (20 bytes).
    Removing stm32f10x_can.o(i.CAN_DeInit), (44 bytes).
    Removing stm32f10x_can.o(i.CAN_FIFORelease), (22 bytes).
    Removing stm32f10x_can.o(i.CAN_FilterInit), (204 bytes).
    Removing stm32f10x_can.o(i.CAN_GetFlagStatus), (52 bytes).
    Removing stm32f10x_can.o(i.CAN_GetITStatus), (168 bytes).
    Removing stm32f10x_can.o(i.CAN_GetLSBTransmitErrorCounter), (8 bytes).
    Removing stm32f10x_can.o(i.CAN_GetLastErrorCode), (10 bytes).
    Removing stm32f10x_can.o(i.CAN_GetReceiveErrorCounter), (6 bytes).
    Removing stm32f10x_can.o(i.CAN_ITConfig), (16 bytes).
    Removing stm32f10x_can.o(i.CAN_Init), (232 bytes).
    Removing stm32f10x_can.o(i.CAN_MessagePending), (22 bytes).
    Removing stm32f10x_can.o(i.CAN_OperatingModeRequest), (140 bytes).
    Removing stm32f10x_can.o(i.CAN_Receive), (144 bytes).
    Removing stm32f10x_can.o(i.CAN_SlaveStartBank), (44 bytes).
    Removing stm32f10x_can.o(i.CAN_Sleep), (30 bytes).
    Removing stm32f10x_can.o(i.CAN_StructInit), (32 bytes).
    Removing stm32f10x_can.o(i.CAN_TTComModeCmd), (90 bytes).
    Removing stm32f10x_can.o(i.CAN_Transmit), (164 bytes).
    Removing stm32f10x_can.o(i.CAN_TransmitStatus), (108 bytes).
    Removing stm32f10x_can.o(i.CAN_WakeUp), (40 bytes).
    Removing stm32f10x_can.o(i.CheckITStatus), (12 bytes).
    Removing stm32f10x_cec.o(i.CEC_ClearFlag), (32 bytes).
    Removing stm32f10x_cec.o(i.CEC_ClearITPendingBit), (32 bytes).
    Removing stm32f10x_cec.o(i.CEC_Cmd), (28 bytes).
    Removing stm32f10x_cec.o(i.CEC_DeInit), (24 bytes).
    Removing stm32f10x_cec.o(i.CEC_EndOfMessageCmd), (12 bytes).
    Removing stm32f10x_cec.o(i.CEC_GetFlagStatus), (36 bytes).
    Removing stm32f10x_cec.o(i.CEC_GetITStatus), (36 bytes).
    Removing stm32f10x_cec.o(i.CEC_ITConfig), (12 bytes).
    Removing stm32f10x_cec.o(i.CEC_Init), (24 bytes).
    Removing stm32f10x_cec.o(i.CEC_OwnAddressConfig), (12 bytes).
    Removing stm32f10x_cec.o(i.CEC_ReceiveDataByte), (12 bytes).
    Removing stm32f10x_cec.o(i.CEC_SendDataByte), (12 bytes).
    Removing stm32f10x_cec.o(i.CEC_SetPrescaler), (12 bytes).
    Removing stm32f10x_cec.o(i.CEC_StartOfMessage), (16 bytes).
    Removing stm32f10x_crc.o(i.CRC_CalcBlockCRC), (28 bytes).
    Removing stm32f10x_crc.o(i.CRC_CalcCRC), (12 bytes).
    Removing stm32f10x_crc.o(i.CRC_GetCRC), (12 bytes).
    Removing stm32f10x_crc.o(i.CRC_GetIDRegister), (12 bytes).
    Removing stm32f10x_crc.o(i.CRC_ResetDR), (12 bytes).
    Removing stm32f10x_crc.o(i.CRC_SetIDRegister), (12 bytes).
    Removing stm32f10x_dac.o(i.DAC_Cmd), (24 bytes).
    Removing stm32f10x_dac.o(i.DAC_DMACmd), (24 bytes).
    Removing stm32f10x_dac.o(i.DAC_DeInit), (24 bytes).
    Removing stm32f10x_dac.o(i.DAC_DualSoftwareTriggerCmd), (28 bytes).
    Removing stm32f10x_dac.o(i.DAC_GetDataOutputValue), (24 bytes).
    Removing stm32f10x_dac.o(i.DAC_Init), (40 bytes).
    Removing stm32f10x_dac.o(i.DAC_SetChannel1Data), (20 bytes).
    Removing stm32f10x_dac.o(i.DAC_SetChannel2Data), (20 bytes).
    Removing stm32f10x_dac.o(i.DAC_SetDualChannelData), (28 bytes).
    Removing stm32f10x_dac.o(i.DAC_SoftwareTriggerCmd), (28 bytes).
    Removing stm32f10x_dac.o(i.DAC_StructInit), (12 bytes).
    Removing stm32f10x_dac.o(i.DAC_WaveGenerationCmd), (24 bytes).
    Removing stm32f10x_dbgmcu.o(i.DBGMCU_Config), (24 bytes).
    Removing stm32f10x_dbgmcu.o(i.DBGMCU_GetDEVID), (16 bytes).
    Removing stm32f10x_dbgmcu.o(i.DBGMCU_GetREVID), (12 bytes).
    Removing stm32f10x_dma.o(i.DMA_ClearFlag), (24 bytes).
    Removing stm32f10x_dma.o(i.DMA_Cmd), (22 bytes).
    Removing stm32f10x_dma.o(i.DMA_DeInit), (228 bytes).
    Removing stm32f10x_dma.o(i.DMA_GetCurrDataCounter), (6 bytes).
    Removing stm32f10x_dma.o(i.DMA_GetFlagStatus), (32 bytes).
    Removing stm32f10x_dma.o(i.DMA_GetITStatus), (32 bytes).
    Removing stm32f10x_dma.o(i.DMA_ITConfig), (16 bytes).
    Removing stm32f10x_dma.o(i.DMA_Init), (58 bytes).
    Removing stm32f10x_dma.o(i.DMA_SetCurrDataCounter), (4 bytes).
    Removing stm32f10x_dma.o(i.DMA_StructInit), (26 bytes).
    Removing stm32f10x_exti.o(i.EXTI_ClearFlag), (12 bytes).
    Removing stm32f10x_exti.o(i.EXTI_ClearITPendingBit), (12 bytes).
    Removing stm32f10x_exti.o(i.EXTI_DeInit), (36 bytes).
    Removing stm32f10x_exti.o(i.EXTI_GenerateSWInterrupt), (16 bytes).
    Removing stm32f10x_exti.o(i.EXTI_GetFlagStatus), (20 bytes).
    Removing stm32f10x_exti.o(i.EXTI_GetITStatus), (32 bytes).
    Removing stm32f10x_exti.o(i.EXTI_Init), (112 bytes).
    Removing stm32f10x_exti.o(i.EXTI_StructInit), (14 bytes).
    Removing stm32f10x_flash.o(i.FLASH_ClearFlag), (12 bytes).
    Removing stm32f10x_flash.o(i.FLASH_EnableWriteProtection), (172 bytes).
    Removing stm32f10x_flash.o(i.FLASH_EraseAllBank1Pages), (56 bytes).
    Removing stm32f10x_flash.o(i.FLASH_EraseAllPages), (56 bytes).
    Removing stm32f10x_flash.o(i.FLASH_EraseOptionBytes), (124 bytes).
    Removing stm32f10x_flash.o(i.FLASH_GetFlagStatus), (32 bytes).
    Removing stm32f10x_flash.o(i.FLASH_GetPrefetchBufferStatus), (20 bytes).
    Removing stm32f10x_flash.o(i.FLASH_GetReadOutProtectionStatus), (20 bytes).
    Removing stm32f10x_flash.o(i.FLASH_GetStatus), (40 bytes).
    Removing stm32f10x_flash.o(i.FLASH_GetUserOptionByte), (12 bytes).
    Removing stm32f10x_flash.o(i.FLASH_GetWriteProtectionOptionByte), (12 bytes).
    Removing stm32f10x_flash.o(i.FLASH_HalfCycleAccessCmd), (24 bytes).
    Removing stm32f10x_flash.o(i.FLASH_ITConfig), (24 bytes).
    Removing stm32f10x_flash.o(i.FLASH_LockBank1), (16 bytes).
    Removing stm32f10x_flash.o(i.FLASH_ProgramOptionByteData), (76 bytes).
    Removing stm32f10x_flash.o(i.FLASH_ProgramWord), (80 bytes).
    Removing stm32f10x_flash.o(i.FLASH_ReadOutProtection), (136 bytes).
    Removing stm32f10x_flash.o(i.FLASH_UnlockBank1), (24 bytes).
    Removing stm32f10x_flash.o(i.FLASH_UserOptionByteConfig), (96 bytes).
    Removing stm32f10x_flash.o(i.FLASH_WaitForLastBank1Operation), (36 bytes).
    Removing stm32f10x_fsmc.o(i.FSMC_ClearFlag), (38 bytes).
    Removing stm32f10x_fsmc.o(i.FSMC_ClearITPendingBit), (44 bytes).
    Removing stm32f10x_fsmc.o(i.FSMC_GetECC), (18 bytes).
    Removing stm32f10x_fsmc.o(i.FSMC_GetFlagStatus), (40 bytes).
    Removing stm32f10x_fsmc.o(i.FSMC_GetITStatus), (48 bytes).
    Removing stm32f10x_fsmc.o(i.FSMC_ITConfig), (72 bytes).
    Removing stm32f10x_fsmc.o(i.FSMC_NANDCmd), (56 bytes).
    Removing stm32f10x_fsmc.o(i.FSMC_NANDDeInit), (40 bytes).
    Removing stm32f10x_fsmc.o(i.FSMC_NANDECCCmd), (56 bytes).
    Removing stm32f10x_fsmc.o(i.FSMC_NANDInit), (104 bytes).
    Removing stm32f10x_fsmc.o(i.FSMC_NANDStructInit), (54 bytes).
    Removing stm32f10x_fsmc.o(i.FSMC_NORSRAMCmd), (32 bytes).
    Removing stm32f10x_fsmc.o(i.FSMC_NORSRAMDeInit), (40 bytes).
    Removing stm32f10x_fsmc.o(i.FSMC_NORSRAMInit), (200 bytes).
    Removing stm32f10x_fsmc.o(i.FSMC_NORSRAMStructInit), (98 bytes).
    Removing stm32f10x_fsmc.o(i.FSMC_PCCARDCmd), (32 bytes).
    Removing stm32f10x_fsmc.o(i.FSMC_PCCARDDeInit), (26 bytes).
    Removing stm32f10x_fsmc.o(i.FSMC_PCCARDInit), (102 bytes).
    Removing stm32f10x_fsmc.o(i.FSMC_PCCARDStructInit), (60 bytes).
    Removing stm32f10x_gpio.o(i.GPIO_ETH_MediaInterfaceConfig), (12 bytes).
    Removing stm32f10x_gpio.o(i.GPIO_EXTILineConfig), (40 bytes).
    Removing stm32f10x_gpio.o(i.GPIO_EventOutputCmd), (12 bytes).
    Removing stm32f10x_gpio.o(i.GPIO_EventOutputConfig), (28 bytes).
    Removing stm32f10x_gpio.o(i.GPIO_PinLockConfig), (16 bytes).
    Removing stm32f10x_gpio.o(i.GPIO_ReadInputData), (6 bytes).
    Removing stm32f10x_gpio.o(i.GPIO_ReadOutputData), (6 bytes).
    Removing stm32f10x_gpio.o(i.GPIO_ReadOutputDataBit), (14 bytes).
    Removing stm32f10x_gpio.o(i.GPIO_StructInit), (16 bytes).
    Removing stm32f10x_gpio.o(i.GPIO_Write), (4 bytes).
    Removing stm32f10x_gpio.o(i.GPIO_WriteBit), (10 bytes).
    Removing stm32f10x_i2c.o(i.I2C_ARPCmd), (20 bytes).
    Removing stm32f10x_i2c.o(i.I2C_AcknowledgeConfig), (20 bytes).
    Removing stm32f10x_i2c.o(i.I2C_CalculatePEC), (20 bytes).
    Removing stm32f10x_i2c.o(i.I2C_CheckEvent), (24 bytes).
    Removing stm32f10x_i2c.o(i.I2C_ClearFlag), (6 bytes).
    Removing stm32f10x_i2c.o(i.I2C_ClearITPendingBit), (6 bytes).
    Removing stm32f10x_i2c.o(i.I2C_Cmd), (20 bytes).
    Removing stm32f10x_i2c.o(i.I2C_DMACmd), (20 bytes).
    Removing stm32f10x_i2c.o(i.I2C_DMALastTransferCmd), (20 bytes).
    Removing stm32f10x_i2c.o(i.I2C_DeInit), (44 bytes).
    Removing stm32f10x_i2c.o(i.I2C_DualAddressCmd), (20 bytes).
    Removing stm32f10x_i2c.o(i.I2C_FastModeDutyCycleConfig), (22 bytes).
    Removing stm32f10x_i2c.o(i.I2C_GeneralCallCmd), (20 bytes).
    Removing stm32f10x_i2c.o(i.I2C_GenerateSTART), (20 bytes).
    Removing stm32f10x_i2c.o(i.I2C_GenerateSTOP), (20 bytes).
    Removing stm32f10x_i2c.o(i.I2C_GetFlagStatus), (42 bytes).
    Removing stm32f10x_i2c.o(i.I2C_GetITStatus), (36 bytes).
    Removing stm32f10x_i2c.o(i.I2C_GetLastEvent), (14 bytes).
    Removing stm32f10x_i2c.o(i.I2C_GetPEC), (6 bytes).
    Removing stm32f10x_i2c.o(i.I2C_ITConfig), (16 bytes).
    Removing stm32f10x_i2c.o(i.I2C_Init), (188 bytes).
    Removing stm32f10x_i2c.o(i.I2C_NACKPositionConfig), (22 bytes).
    Removing stm32f10x_i2c.o(i.I2C_OwnAddress2Config), (16 bytes).
    Removing stm32f10x_i2c.o(i.I2C_PECPositionConfig), (22 bytes).
    Removing stm32f10x_i2c.o(i.I2C_ReadRegister), (10 bytes).
    Removing stm32f10x_i2c.o(i.I2C_ReceiveData), (6 bytes).
    Removing stm32f10x_i2c.o(i.I2C_SMBusAlertConfig), (22 bytes).
    Removing stm32f10x_i2c.o(i.I2C_Send7bitAddress), (16 bytes).
    Removing stm32f10x_i2c.o(i.I2C_SendData), (4 bytes).
    Removing stm32f10x_i2c.o(i.I2C_SoftwareResetCmd), (20 bytes).
    Removing stm32f10x_i2c.o(i.I2C_StretchClockCmd), (20 bytes).
    Removing stm32f10x_i2c.o(i.I2C_StructInit), (28 bytes).
    Removing stm32f10x_i2c.o(i.I2C_TransmitPEC), (20 bytes).
    Removing stm32f10x_iwdg.o(i.IWDG_Enable), (16 bytes).
    Removing stm32f10x_iwdg.o(i.IWDG_GetFlagStatus), (20 bytes).
    Removing stm32f10x_iwdg.o(i.IWDG_ReloadCounter), (16 bytes).
    Removing stm32f10x_iwdg.o(i.IWDG_SetPrescaler), (12 bytes).
    Removing stm32f10x_iwdg.o(i.IWDG_SetReload), (12 bytes).
    Removing stm32f10x_iwdg.o(i.IWDG_WriteAccessCmd), (12 bytes).
    Removing stm32f10x_pwr.o(i.PWR_BackupAccessCmd), (12 bytes).
    Removing stm32f10x_pwr.o(i.PWR_ClearFlag), (16 bytes).
    Removing stm32f10x_pwr.o(i.PWR_DeInit), (24 bytes).
    Removing stm32f10x_pwr.o(i.PWR_EnterSTANDBYMode), (40 bytes).
    Removing stm32f10x_pwr.o(i.PWR_EnterSTOPMode), (52 bytes).
    Removing stm32f10x_pwr.o(i.PWR_GetFlagStatus), (20 bytes).
    Removing stm32f10x_pwr.o(i.PWR_PVDCmd), (12 bytes).
    Removing stm32f10x_pwr.o(i.PWR_PVDLevelConfig), (20 bytes).
    Removing stm32f10x_pwr.o(i.PWR_WakeUpPinCmd), (12 bytes).
    Removing stm32f10x_rcc.o(i.RCC_ADCCLKConfig), (20 bytes).
    Removing stm32f10x_rcc.o(i.RCC_APB1PeriphResetCmd), (24 bytes).
    Removing stm32f10x_rcc.o(i.RCC_AdjustHSICalibrationValue), (20 bytes).
    Removing stm32f10x_rcc.o(i.RCC_BackupResetCmd), (12 bytes).
    Removing stm32f10x_rcc.o(i.RCC_ClearFlag), (16 bytes).
    Removing stm32f10x_rcc.o(i.RCC_ClearITPendingBit), (12 bytes).
    Removing stm32f10x_rcc.o(i.RCC_ClockSecuritySystemCmd), (12 bytes).
    Removing stm32f10x_rcc.o(i.RCC_GetITStatus), (20 bytes).
    Removing stm32f10x_rcc.o(i.RCC_HSICmd), (12 bytes).
    Removing stm32f10x_rcc.o(i.RCC_ITConfig), (24 bytes).
    Removing stm32f10x_rcc.o(i.RCC_LSEConfig), (32 bytes).
    Removing stm32f10x_rcc.o(i.RCC_LSICmd), (12 bytes).
    Removing stm32f10x_rcc.o(i.RCC_MCOConfig), (12 bytes).
    Removing stm32f10x_rcc.o(i.RCC_RTCCLKCmd), (12 bytes).
    Removing stm32f10x_rcc.o(i.RCC_RTCCLKConfig), (16 bytes).
    Removing stm32f10x_rcc.o(i.RCC_USBCLKConfig), (12 bytes).
    Removing stm32f10x_rtc.o(i.RTC_ClearFlag), (16 bytes).
    Removing stm32f10x_rtc.o(i.RTC_ClearITPendingBit), (16 bytes).
    Removing stm32f10x_rtc.o(i.RTC_EnterConfigMode), (16 bytes).
    Removing stm32f10x_rtc.o(i.RTC_ExitConfigMode), (16 bytes).
    Removing stm32f10x_rtc.o(i.RTC_GetCounter), (20 bytes).
    Removing stm32f10x_rtc.o(i.RTC_GetDivider), (24 bytes).
    Removing stm32f10x_rtc.o(i.RTC_GetFlagStatus), (20 bytes).
    Removing stm32f10x_rtc.o(i.RTC_GetITStatus), (32 bytes).
    Removing stm32f10x_rtc.o(i.RTC_ITConfig), (24 bytes).
    Removing stm32f10x_rtc.o(i.RTC_SetAlarm), (32 bytes).
    Removing stm32f10x_rtc.o(i.RTC_SetCounter), (32 bytes).
    Removing stm32f10x_rtc.o(i.RTC_SetPrescaler), (32 bytes).
    Removing stm32f10x_rtc.o(i.RTC_WaitForLastTask), (16 bytes).
    Removing stm32f10x_rtc.o(i.RTC_WaitForSynchro), (24 bytes).
    Removing stm32f10x_sdio.o(i.SDIO_CEATAITCmd), (16 bytes).
    Removing stm32f10x_sdio.o(i.SDIO_ClearFlag), (12 bytes).
    Removing stm32f10x_sdio.o(i.SDIO_ClearITPendingBit), (12 bytes).
    Removing stm32f10x_sdio.o(i.SDIO_ClockCmd), (12 bytes).
    Removing stm32f10x_sdio.o(i.SDIO_CmdStructInit), (14 bytes).
    Removing stm32f10x_sdio.o(i.SDIO_CommandCompletionCmd), (12 bytes).
    Removing stm32f10x_sdio.o(i.SDIO_DMACmd), (12 bytes).
    Removing stm32f10x_sdio.o(i.SDIO_DataConfig), (44 bytes).
    Removing stm32f10x_sdio.o(i.SDIO_DataStructInit), (20 bytes).
    Removing stm32f10x_sdio.o(i.SDIO_DeInit), (36 bytes).
    Removing stm32f10x_sdio.o(i.SDIO_GetCommandResponse), (12 bytes).
    Removing stm32f10x_sdio.o(i.SDIO_GetDataCounter), (12 bytes).
    Removing stm32f10x_sdio.o(i.SDIO_GetFIFOCount), (12 bytes).
    Removing stm32f10x_sdio.o(i.SDIO_GetFlagStatus), (20 bytes).
    Removing stm32f10x_sdio.o(i.SDIO_GetITStatus), (20 bytes).
    Removing stm32f10x_sdio.o(i.SDIO_GetPowerState), (16 bytes).
    Removing stm32f10x_sdio.o(i.SDIO_GetResponse), (16 bytes).
    Removing stm32f10x_sdio.o(i.SDIO_ITConfig), (24 bytes).
    Removing stm32f10x_sdio.o(i.SDIO_Init), (44 bytes).
    Removing stm32f10x_sdio.o(i.SDIO_ReadData), (12 bytes).
    Removing stm32f10x_sdio.o(i.SDIO_SendCEATACmd), (12 bytes).
    Removing stm32f10x_sdio.o(i.SDIO_SendCommand), (40 bytes).
    Removing stm32f10x_sdio.o(i.SDIO_SendSDIOSuspendCmd), (12 bytes).
    Removing stm32f10x_sdio.o(i.SDIO_SetPowerState), (24 bytes).
    Removing stm32f10x_sdio.o(i.SDIO_SetSDIOOperation), (12 bytes).
    Removing stm32f10x_sdio.o(i.SDIO_SetSDIOReadWaitMode), (12 bytes).
    Removing stm32f10x_sdio.o(i.SDIO_StartSDIOReadWait), (12 bytes).
    Removing stm32f10x_sdio.o(i.SDIO_StopSDIOReadWait), (12 bytes).
    Removing stm32f10x_sdio.o(i.SDIO_StructInit), (16 bytes).
    Removing stm32f10x_sdio.o(i.SDIO_WriteData), (12 bytes).
    Removing stm32f10x_spi.o(i.I2S_Cmd), (20 bytes).
    Removing stm32f10x_spi.o(i.I2S_Init), (152 bytes).
    Removing stm32f10x_spi.o(i.I2S_StructInit), (18 bytes).
    Removing stm32f10x_spi.o(i.SPI_BiDirectionalLineConfig), (22 bytes).
    Removing stm32f10x_spi.o(i.SPI_CalculateCRC), (20 bytes).
    Removing stm32f10x_spi.o(i.SPI_Cmd), (20 bytes).
    Removing stm32f10x_spi.o(i.SPI_DataSizeConfig), (16 bytes).
    Removing stm32f10x_spi.o(i.SPI_GetCRC), (12 bytes).
    Removing stm32f10x_spi.o(i.SPI_GetCRCPolynomial), (4 bytes).
    Removing stm32f10x_spi.o(i.SPI_I2S_ClearFlag), (6 bytes).
    Removing stm32f10x_spi.o(i.SPI_I2S_ClearITPendingBit), (14 bytes).
    Removing stm32f10x_spi.o(i.SPI_I2S_DMACmd), (16 bytes).
    Removing stm32f10x_spi.o(i.SPI_I2S_DeInit), (84 bytes).
    Removing stm32f10x_spi.o(i.SPI_I2S_GetFlagStatus), (14 bytes).
    Removing stm32f10x_spi.o(i.SPI_I2S_GetITStatus), (42 bytes).
    Removing stm32f10x_spi.o(i.SPI_I2S_ITConfig), (24 bytes).
    Removing stm32f10x_spi.o(i.SPI_I2S_ReceiveData), (4 bytes).
    Removing stm32f10x_spi.o(i.SPI_I2S_SendData), (4 bytes).
    Removing stm32f10x_spi.o(i.SPI_Init), (56 bytes).
    Removing stm32f10x_spi.o(i.SPI_NSSInternalSoftwareConfig), (24 bytes).
    Removing stm32f10x_spi.o(i.SPI_SSOutputCmd), (20 bytes).
    Removing stm32f10x_spi.o(i.SPI_StructInit), (24 bytes).
    Removing stm32f10x_spi.o(i.SPI_TransmitCRC), (10 bytes).
    Removing stm32f10x_tim.o(i.TI1_Config), (108 bytes).
    Removing stm32f10x_tim.o(i.TI2_Config), (124 bytes).
    Removing stm32f10x_tim.o(i.TIM_ARRPreloadConfig), (20 bytes).
    Removing stm32f10x_tim.o(i.TIM_BDTRConfig), (34 bytes).
    Removing stm32f10x_tim.o(i.TIM_BDTRStructInit), (18 bytes).
    Removing stm32f10x_tim.o(i.TIM_CCPreloadControl), (20 bytes).
    Removing stm32f10x_tim.o(i.TIM_CCxCmd), (22 bytes).
    Removing stm32f10x_tim.o(i.TIM_CCxNCmd), (22 bytes).
    Removing stm32f10x_tim.o(i.TIM_ClearFlag), (6 bytes).
    Removing stm32f10x_tim.o(i.TIM_ClearITPendingBit), (6 bytes).
    Removing stm32f10x_tim.o(i.TIM_ClearOC1Ref), (12 bytes).
    Removing stm32f10x_tim.o(i.TIM_ClearOC2Ref), (20 bytes).
    Removing stm32f10x_tim.o(i.TIM_ClearOC3Ref), (12 bytes).
    Removing stm32f10x_tim.o(i.TIM_ClearOC4Ref), (20 bytes).
    Removing stm32f10x_tim.o(i.TIM_Cmd), (20 bytes).
    Removing stm32f10x_tim.o(i.TIM_CounterModeConfig), (12 bytes).
    Removing stm32f10x_tim.o(i.TIM_CtrlPWMOutputs), (22 bytes).
    Removing stm32f10x_tim.o(i.TIM_DMACmd), (16 bytes).
    Removing stm32f10x_tim.o(i.TIM_DMAConfig), (8 bytes).
    Removing stm32f10x_tim.o(i.TIM_DeInit), (368 bytes).
    Removing stm32f10x_tim.o(i.TIM_ETRClockMode1Config), (18 bytes).
    Removing stm32f10x_tim.o(i.TIM_ETRClockMode2Config), (18 bytes).
    Removing stm32f10x_tim.o(i.TIM_ETRConfig), (24 bytes).
    Removing stm32f10x_tim.o(i.TIM_EncoderInterfaceConfig), (50 bytes).
    Removing stm32f10x_tim.o(i.TIM_ForcedOC1Config), (12 bytes).
    Removing stm32f10x_tim.o(i.TIM_ForcedOC2Config), (20 bytes).
    Removing stm32f10x_tim.o(i.TIM_ForcedOC3Config), (12 bytes).
    Removing stm32f10x_tim.o(i.TIM_ForcedOC4Config), (20 bytes).
    Removing stm32f10x_tim.o(i.TIM_GenerateEvent), (4 bytes).
    Removing stm32f10x_tim.o(i.TIM_GetCapture1), (4 bytes).
    Removing stm32f10x_tim.o(i.TIM_GetCapture2), (4 bytes).
    Removing stm32f10x_tim.o(i.TIM_GetCapture3), (4 bytes).
    Removing stm32f10x_tim.o(i.TIM_GetCapture4), (6 bytes).
    Removing stm32f10x_tim.o(i.TIM_GetCounter), (4 bytes).
    Removing stm32f10x_tim.o(i.TIM_GetFlagStatus), (14 bytes).
    Removing stm32f10x_tim.o(i.TIM_GetITStatus), (24 bytes).
    Removing stm32f10x_tim.o(i.TIM_GetPrescaler), (4 bytes).
    Removing stm32f10x_tim.o(i.TIM_ICInit), (300 bytes).
    Removing stm32f10x_tim.o(i.TIM_ICStructInit), (16 bytes).
    Removing stm32f10x_tim.o(i.TIM_ITConfig), (16 bytes).
    Removing stm32f10x_tim.o(i.TIM_ITRxExternalClockConfig), (18 bytes).
    Removing stm32f10x_tim.o(i.TIM_InternalClockConfig), (10 bytes).
    Removing stm32f10x_tim.o(i.TIM_OC1FastConfig), (12 bytes).
    Removing stm32f10x_tim.o(i.TIM_OC1Init), (128 bytes).
    Removing stm32f10x_tim.o(i.TIM_OC1NPolarityConfig), (12 bytes).
    Removing stm32f10x_tim.o(i.TIM_OC1PolarityConfig), (12 bytes).
    Removing stm32f10x_tim.o(i.TIM_OC1PreloadConfig), (12 bytes).
    Removing stm32f10x_tim.o(i.TIM_OC2FastConfig), (20 bytes).
    Removing stm32f10x_tim.o(i.TIM_OC2Init), (128 bytes).
    Removing stm32f10x_tim.o(i.TIM_OC2NPolarityConfig), (20 bytes).
    Removing stm32f10x_tim.o(i.TIM_OC2PolarityConfig), (20 bytes).
    Removing stm32f10x_tim.o(i.TIM_OC2PreloadConfig), (20 bytes).
    Removing stm32f10x_tim.o(i.TIM_OC3FastConfig), (12 bytes).
    Removing stm32f10x_tim.o(i.TIM_OC3Init), (124 bytes).
    Removing stm32f10x_tim.o(i.TIM_OC3NPolarityConfig), (20 bytes).
    Removing stm32f10x_tim.o(i.TIM_OC3PolarityConfig), (20 bytes).
    Removing stm32f10x_tim.o(i.TIM_OC3PreloadConfig), (12 bytes).
    Removing stm32f10x_tim.o(i.TIM_OC4FastConfig), (20 bytes).
    Removing stm32f10x_tim.o(i.TIM_OC4Init), (100 bytes).
    Removing stm32f10x_tim.o(i.TIM_OC4PolarityConfig), (20 bytes).
    Removing stm32f10x_tim.o(i.TIM_OC4PreloadConfig), (20 bytes).
    Removing stm32f10x_tim.o(i.TIM_OCStructInit), (20 bytes).
    Removing stm32f10x_tim.o(i.TIM_PWMIConfig), (108 bytes).
    Removing stm32f10x_tim.o(i.TIM_PrescalerConfig), (6 bytes).
    Removing stm32f10x_tim.o(i.TIM_SelectCCDMA), (20 bytes).
    Removing stm32f10x_tim.o(i.TIM_SelectCOM), (20 bytes).
    Removing stm32f10x_tim.o(i.TIM_SelectHallSensor), (20 bytes).
    Removing stm32f10x_tim.o(i.TIM_SelectInputTrigger), (12 bytes).
    Removing stm32f10x_tim.o(i.TIM_SelectMasterSlaveMode), (16 bytes).
    Removing stm32f10x_tim.o(i.TIM_SelectOCxM), (70 bytes).
    Removing stm32f10x_tim.o(i.TIM_SelectOnePulseMode), (16 bytes).
    Removing stm32f10x_tim.o(i.TIM_SelectOutputTrigger), (16 bytes).
    Removing stm32f10x_tim.o(i.TIM_SelectSlaveMode), (16 bytes).
    Removing stm32f10x_tim.o(i.TIM_SetAutoreload), (4 bytes).
    Removing stm32f10x_tim.o(i.TIM_SetClockDivision), (16 bytes).
    Removing stm32f10x_tim.o(i.TIM_SetCompare1), (4 bytes).
    Removing stm32f10x_tim.o(i.TIM_SetCompare2), (4 bytes).
    Removing stm32f10x_tim.o(i.TIM_SetCompare3), (4 bytes).
    Removing stm32f10x_tim.o(i.TIM_SetCompare4), (6 bytes).
    Removing stm32f10x_tim.o(i.TIM_SetCounter), (4 bytes).
    Removing stm32f10x_tim.o(i.TIM_SetIC1Prescaler), (16 bytes).
    Removing stm32f10x_tim.o(i.TIM_SetIC2Prescaler), (24 bytes).
    Removing stm32f10x_tim.o(i.TIM_SetIC3Prescaler), (16 bytes).
    Removing stm32f10x_tim.o(i.TIM_SetIC4Prescaler), (24 bytes).
    Removing stm32f10x_tim.o(i.TIM_TIxExternalClockConfig), (46 bytes).
    Removing stm32f10x_tim.o(i.TIM_TimeBaseInit), (156 bytes).
    Removing stm32f10x_tim.o(i.TIM_TimeBaseStructInit), (18 bytes).
    Removing stm32f10x_tim.o(i.TIM_UpdateDisableConfig), (20 bytes).
    Removing stm32f10x_tim.o(i.TIM_UpdateRequestConfig), (20 bytes).
    Removing stm32f10x_usart.o(i.USART_ClockInit), (30 bytes).
    Removing stm32f10x_usart.o(i.USART_ClockStructInit), (12 bytes).
    Removing stm32f10x_usart.o(i.USART_DMACmd), (16 bytes).
    Removing stm32f10x_usart.o(i.USART_DeInit), (116 bytes).
    Removing stm32f10x_usart.o(i.USART_HalfDuplexCmd), (20 bytes).
    Removing stm32f10x_usart.o(i.USART_IrDACmd), (20 bytes).
    Removing stm32f10x_usart.o(i.USART_IrDAConfig), (16 bytes).
    Removing stm32f10x_usart.o(i.USART_LINBreakDetectLengthConfig), (16 bytes).
    Removing stm32f10x_usart.o(i.USART_LINCmd), (20 bytes).
    Removing stm32f10x_usart.o(i.USART_OneBitMethodCmd), (20 bytes).
    Removing stm32f10x_usart.o(i.USART_OverSampling8Cmd), (20 bytes).
    Removing stm32f10x_usart.o(i.USART_ReceiverWakeUpCmd), (20 bytes).
    Removing stm32f10x_usart.o(i.USART_SendBreak), (10 bytes).
    Removing stm32f10x_usart.o(i.USART_SetAddress), (16 bytes).
    Removing stm32f10x_usart.o(i.USART_SetGuardTime), (16 bytes).
    Removing stm32f10x_usart.o(i.USART_SetPrescaler), (16 bytes).
    Removing stm32f10x_usart.o(i.USART_SmartCardCmd), (20 bytes).
    Removing stm32f10x_usart.o(i.USART_SmartCardNACKCmd), (20 bytes).
    Removing stm32f10x_usart.o(i.USART_StructInit), (22 bytes).
    Removing stm32f10x_usart.o(i.USART_WakeUpConfig), (16 bytes).
    Removing stm32f10x_wwdg.o(i.WWDG_ClearFlag), (12 bytes).
    Removing stm32f10x_wwdg.o(i.WWDG_DeInit), (24 bytes).
    Removing stm32f10x_wwdg.o(i.WWDG_Enable), (16 bytes).
    Removing stm32f10x_wwdg.o(i.WWDG_EnableIT), (16 bytes).
    Removing stm32f10x_wwdg.o(i.WWDG_GetFlagStatus), (12 bytes).
    Removing stm32f10x_wwdg.o(i.WWDG_SetCounter), (16 bytes).
    Removing stm32f10x_wwdg.o(i.WWDG_SetPrescaler), (20 bytes).
    Removing stm32f10x_wwdg.o(i.WWDG_SetWindowValue), (28 bytes).
    Removing main.o(i.ResErr), (92 bytes).
    Removing main.o(.bss), (20 bytes).
    Removing main.o(.data), (4 bytes).
    Removing main.o(.data), (4 bytes).
    Removing main.o(.data), (4 bytes).
    Removing main.o(.data), (4 bytes).
    Removing main.o(.data), (2 bytes).
    Removing main.o(.data), (1 bytes).
    Removing stm32f10x_it.o(.data), (1 bytes).
    Removing stm32f10x_it.o(.data), (1 bytes).
    Removing stm32f10x_it.o(.data), (4 bytes).
    Removing stm32f10x_it.o(.data), (4 bytes).
    Removing stm32f10x_it.o(.data), (1 bytes).
    Removing system_stm32f10x.o(i.SystemCoreClockUpdate), (100 bytes).
    Removing adc.o(i.ADC1_DMA_Init), (288 bytes).
    Removing adc.o(i.ADC_CH_Scan), (208 bytes).
    Removing adc.o(i.DAM1_ADC_NVIC), (32 bytes).
    Removing adc.o(.bss), (400 bytes).
    Removing adc.o(.data), (6 bytes).
    Removing adc.o(.data), (2 bytes).
    Removing adc.o(.data), (2 bytes).
    Removing adc.o(.data), (2 bytes).
    Removing beep.o(i.BEEP_Ring), (2 bytes).
    Removing beep.o(i.BEEP_Tiggr), (28 bytes).
    Removing beep.o(.data), (1 bytes).
    Removing beep.o(.data), (2 bytes).
    Removing beep.o(.data), (2 bytes).
    Removing beep.o(.data), (2 bytes).
    Removing beep.o(.data), (2 bytes).
    Removing beep.o(.data), (2 bytes).
    Removing beep.o(.data), (2 bytes).
    Removing beep.o(.data), (2 bytes).
    Removing beep.o(.data), (2 bytes).
    Removing beep.o(.data), (2 bytes).
    Removing beep.o(.data), (2 bytes).
    Removing at24c01.o(i.ReadBytes), (128 bytes).
    Removing at24c01.o(i.WriteBytes), (174 bytes).
    Removing at24c01.o(i.ee_CheckOk), (22 bytes).
    Removing at24c01.o(i.ee_Erase), (44 bytes).
    Removing dac.o(i.AD5541_GPIOCoing), (36 bytes).
    Removing dac.o(i.AD5541_Send), (184 bytes).
    Removing flash.o(i.Flash_Write_all), (3550 bytes).
    Removing flash.o(i.READ_TSET), (72 bytes).
    Removing flash.o(i.Read_Runcont), (1564 bytes).
    Removing flash.o(i.Read_bootmode), (20 bytes).
    Removing flash.o(i.Wite_Runcont), (2090 bytes).
    Removing flash.o(i.Write_ADDR), (76 bytes).
    Removing flash.o(i.Write_bootmode), (20 bytes).
    Removing flash.o(.bss), (96 bytes).
    Removing flash.o(.data), (4 bytes).
    Removing iic_24c01.o(i.i2c_Ack), (64 bytes).
    Removing iic_24c01.o(i.i2c_CheckDevice), (38 bytes).
    Removing iwdg.o(i.IWDG_Inte), (34 bytes).
    Removing key.o(.data), (1 bytes).
    Removing key.o(.data), (4 bytes).
    Removing key.o(.data), (1 bytes).
    Removing key.o(.data), (1 bytes).
    Removing key.o(.data), (1 bytes).
    Removing key.o(.data), (2 bytes).
    Removing key.o(.data), (2 bytes).
    Removing key.o(.data), (2 bytes).
    Removing key.o(.data), (2 bytes).
    Removing modbus.o(i.Hardware_CRC_Re), (160 bytes).
    Removing modbus.o(.bss), (96 bytes).
    Removing modbus.o(.bss), (40 bytes).
    Removing modbus.o(.data), (4 bytes).
    Removing modbus.o(.data), (4 bytes).
    Removing modbus.o(.data), (4 bytes).
    Removing modbus.o(.data), (4 bytes).
    Removing modbus.o(.data), (4 bytes).
    Removing modbus.o(.data), (4 bytes).
    Removing modbus.o(.data), (4 bytes).
    Removing modbus.o(.data), (4 bytes).
    Removing modbus.o(.data), (4 bytes).
    Removing modbus.o(.data), (4 bytes).
    Removing modbus.o(.data), (4 bytes).
    Removing modbus.o(.data), (4 bytes).
    Removing modbus.o(.data), (1 bytes).
    Removing modbus.o(.data), (4 bytes).
    Removing modbus.o(.data), (4 bytes).
    Removing modbus.o(.data), (4 bytes).
    Removing modbus.o(.data), (4 bytes).
    Removing modbus.o(.data), (4 bytes).
    Removing modbus.o(.data), (4 bytes).
    Removing modbus.o(.data), (4 bytes).
    Removing modbus.o(.data), (4 bytes).
    Removing modbus.o(.data), (4 bytes).
    Removing modbus.o(.data), (4 bytes).
    Removing modbus.o(.data), (4 bytes).
    Removing modbus.o(.data), (4 bytes).
    Removing modbus.o(.data), (2 bytes).
    Removing tim6.o(i.TIM6_Config), (92 bytes).
    Removing usart.o(i.Clear_Date), (42 bytes).
    Removing usart.o(i.Usart1_Sendstring), (76 bytes).
    Removing usart.o(i._sys_exit), (2 bytes).
    Removing usart.o(i.fputc), (24 bytes).
    Removing usart.o(.bss), (200 bytes).
    Removing usart.o(.bss), (200 bytes).
    Removing usart.o(.data), (4 bytes).
    Removing usart.o(.data), (4 bytes).
    Removing fan_pro.o(i.All_protect), (456 bytes).
    Removing fan_pro.o(i.Temp_Comapre), (76 bytes).
    Removing fan_pro.o(.data), (2 bytes).
    Removing fan_pro.o(.data), (12 bytes).
    Removing menu.o(i.Cont_coeff_LEDMODE), (156 bytes).
    Removing menu.o(i.I_SW_COTNR), (160 bytes).
    Removing menu.o(i.MAXPAR_limit), (96 bytes).
    Removing menu.o(i.Sence_SW_CONT), (32 bytes).
    Removing menu.o(i.V_SW_COTNR), (88 bytes).
    Removing menu.o(i.worke_mode), (928 bytes).
    Removing menu.o(.data), (8 bytes).
    Removing ad7689.o(i.AD7689_Delay), (30 bytes).
    Removing ad7689.o(i.AD7689_Delay1), (30 bytes).
    Removing ad7689.o(i.AD7689_InitializeSPI2), (196 bytes).
    Removing ad7689.o(i.AD7689_Scan_CH), (308 bytes).
    Removing ad7689.o(i.AD7689_TransferByte), (60 bytes).
    Removing ad7689.o(i.SPI_AD7689_Read), (104 bytes).
    Removing ad7689.o(.bss), (456 bytes).
    Removing ad7689.o(.bss), (40 bytes).
    Removing ad7689.o(.data), (3 bytes).
    Removing stmflash.o(i.STMFLASH_ReadHalfWord), (4 bytes).
    Removing stmflash.o(i.Test_Write), (12 bytes).
    Removing sys.o(i.INTX_DISABLE), (4 bytes).
    Removing sys.o(i.INTX_ENABLE), (4 bytes).
    Removing sys.o(i.WFI_SET), (4 bytes).

554 unused section(s) (total 27449 bytes) removed from the image.

==============================================================================

Image Symbol Table

    Local Symbols

    Symbol Name                              Value     Ov Type        Size  Object(Section)

    ../clib/microlib/init/entry.s            0x00000000   Number         0  entry7b.o ABSOLUTE
    ../clib/microlib/init/entry.s            0x00000000   Number         0  entry8a.o ABSOLUTE
    ../clib/microlib/init/entry.s            0x00000000   Number         0  entry5.o ABSOLUTE
    ../clib/microlib/init/entry.s            0x00000000   Number         0  entry8b.o ABSOLUTE
    ../clib/microlib/init/entry.s            0x00000000   Number         0  entry7a.o ABSOLUTE
    ../clib/microlib/init/entry.s            0x00000000   Number         0  entry.o ABSOLUTE
    ../clib/microlib/init/entry.s            0x00000000   Number         0  entry9a.o ABSOLUTE
    ../clib/microlib/init/entry.s            0x00000000   Number         0  entry9b.o ABSOLUTE
    ../clib/microlib/init/entry.s            0x00000000   Number         0  entry10a.o ABSOLUTE
    ../clib/microlib/init/entry.s            0x00000000   Number         0  entry10b.o ABSOLUTE
    ../clib/microlib/init/entry.s            0x00000000   Number         0  entry11a.o ABSOLUTE
    ../clib/microlib/init/entry.s            0x00000000   Number         0  entry11b.o ABSOLUTE
    ../clib/microlib/init/entry.s            0x00000000   Number         0  entry2.o ABSOLUTE
    ../clib/microlib/string/memcpy.c         0x00000000   Number         0  memcpyb.o ABSOLUTE
    ../clib/microlib/string/memcpy.c         0x00000000   Number         0  memcpya.o ABSOLUTE
    ../clib/microlib/string/memset.c         0x00000000   Number         0  memseta.o ABSOLUTE
    ../clib/microlib/string/strlen.c         0x00000000   Number         0  strlen.o ABSOLUTE
    ../clib/microlib/stubs.s                 0x00000000   Number         0  useno.o ABSOLUTE
    ..\Libraries\CMSIS\src\core_cm3.c        0x00000000   Number         0  core_cm3.o ABSOLUTE
    ..\Libraries\CMSIS\src\startup_stm32f10x_hd.s 0x00000000   Number         0  startup_stm32f10x_hd.o ABSOLUTE
    ..\Libraries\FWlib\src\misc.c            0x00000000   Number         0  misc.o ABSOLUTE
    ..\Libraries\FWlib\src\stm32f10x_adc.c   0x00000000   Number         0  stm32f10x_adc.o ABSOLUTE
    ..\Libraries\FWlib\src\stm32f10x_bkp.c   0x00000000   Number         0  stm32f10x_bkp.o ABSOLUTE
    ..\Libraries\FWlib\src\stm32f10x_can.c   0x00000000   Number         0  stm32f10x_can.o ABSOLUTE
    ..\Libraries\FWlib\src\stm32f10x_cec.c   0x00000000   Number         0  stm32f10x_cec.o ABSOLUTE
    ..\Libraries\FWlib\src\stm32f10x_crc.c   0x00000000   Number         0  stm32f10x_crc.o ABSOLUTE
    ..\Libraries\FWlib\src\stm32f10x_dac.c   0x00000000   Number         0  stm32f10x_dac.o ABSOLUTE
    ..\Libraries\FWlib\src\stm32f10x_dbgmcu.c 0x00000000   Number         0  stm32f10x_dbgmcu.o ABSOLUTE
    ..\Libraries\FWlib\src\stm32f10x_dma.c   0x00000000   Number         0  stm32f10x_dma.o ABSOLUTE
    ..\Libraries\FWlib\src\stm32f10x_exti.c  0x00000000   Number         0  stm32f10x_exti.o ABSOLUTE
    ..\Libraries\FWlib\src\stm32f10x_flash.c 0x00000000   Number         0  stm32f10x_flash.o ABSOLUTE
    ..\Libraries\FWlib\src\stm32f10x_fsmc.c  0x00000000   Number         0  stm32f10x_fsmc.o ABSOLUTE
    ..\Libraries\FWlib\src\stm32f10x_gpio.c  0x00000000   Number         0  stm32f10x_gpio.o ABSOLUTE
    ..\Libraries\FWlib\src\stm32f10x_i2c.c   0x00000000   Number         0  stm32f10x_i2c.o ABSOLUTE
    ..\Libraries\FWlib\src\stm32f10x_iwdg.c  0x00000000   Number         0  stm32f10x_iwdg.o ABSOLUTE
    ..\Libraries\FWlib\src\stm32f10x_pwr.c   0x00000000   Number         0  stm32f10x_pwr.o ABSOLUTE
    ..\Libraries\FWlib\src\stm32f10x_rcc.c   0x00000000   Number         0  stm32f10x_rcc.o ABSOLUTE
    ..\Libraries\FWlib\src\stm32f10x_rtc.c   0x00000000   Number         0  stm32f10x_rtc.o ABSOLUTE
    ..\Libraries\FWlib\src\stm32f10x_sdio.c  0x00000000   Number         0  stm32f10x_sdio.o ABSOLUTE
    ..\Libraries\FWlib\src\stm32f10x_spi.c   0x00000000   Number         0  stm32f10x_spi.o ABSOLUTE
    ..\Libraries\FWlib\src\stm32f10x_tim.c   0x00000000   Number         0  stm32f10x_tim.o ABSOLUTE
    ..\Libraries\FWlib\src\stm32f10x_usart.c 0x00000000   Number         0  stm32f10x_usart.o ABSOLUTE
    ..\Libraries\FWlib\src\stm32f10x_wwdg.c  0x00000000   Number         0  stm32f10x_wwdg.o ABSOLUTE
    ..\User\iap.c                            0x00000000   Number         0  iap.o ABSOLUTE
    ..\User\main.c                           0x00000000   Number         0  main.o ABSOLUTE
    ..\User\stm32f10x_it.c                   0x00000000   Number         0  stm32f10x_it.o ABSOLUTE
    ..\User\system_stm32f10x.c               0x00000000   Number         0  system_stm32f10x.o ABSOLUTE
    ..\\Libraries\\CMSIS\\src\\core_cm3.c    0x00000000   Number         0  core_cm3.o ABSOLUTE
    ..\\drive\\sys.c                         0x00000000   Number         0  sys.o ABSOLUTE
    ..\drive\AD7689.c                        0x00000000   Number         0  ad7689.o ABSOLUTE
    ..\drive\AT24C01.c                       0x00000000   Number         0  at24c01.o ABSOLUTE
    ..\drive\BEEP.c                          0x00000000   Number         0  beep.o ABSOLUTE
    ..\drive\DAC.c                           0x00000000   Number         0  dac.o ABSOLUTE
    ..\drive\FAN_PRO.c                       0x00000000   Number         0  fan_pro.o ABSOLUTE
    ..\drive\GPIO.c                          0x00000000   Number         0  gpio.o ABSOLUTE
    ..\drive\IIC_24C01.c                     0x00000000   Number         0  iic_24c01.o ABSOLUTE
    ..\drive\Menu.c                          0x00000000   Number         0  menu.o ABSOLUTE
    ..\drive\Slave_Usart.c                   0x00000000   Number         0  slave_usart.o ABSOLUTE
    ..\drive\TIM6.c                          0x00000000   Number         0  tim6.o ABSOLUTE
    ..\drive\adc.c                           0x00000000   Number         0  adc.o ABSOLUTE
    ..\drive\bsp_SysTick.c                   0x00000000   Number         0  bsp_systick.o ABSOLUTE
    ..\drive\clock.c                         0x00000000   Number         0  clock.o ABSOLUTE
    ..\drive\flash.c                         0x00000000   Number         0  flash.o ABSOLUTE
    ..\drive\iwdg.c                          0x00000000   Number         0  iwdg.o ABSOLUTE
    ..\drive\key.c                           0x00000000   Number         0  key.o ABSOLUTE
    ..\drive\modbus.c                        0x00000000   Number         0  modbus.o ABSOLUTE
    ..\drive\stmflash.c                      0x00000000   Number         0  stmflash.o ABSOLUTE
    ..\drive\sys.c                           0x00000000   Number         0  sys.o ABSOLUTE
    ..\drive\usart.c                         0x00000000   Number         0  usart.o ABSOLUTE
    dc.s                                     0x00000000   Number         0  dc.o ABSOLUTE
    handlers.s                               0x00000000   Number         0  handlers.o ABSOLUTE
    init.s                                   0x00000000   Number         0  init.o ABSOLUTE
    RESET                                    0x08000000   Section      304  startup_stm32f10x_hd.o(RESET)
    .ARM.Collect$$$$00000000                 0x08000130   Section        0  entry.o(.ARM.Collect$$$$00000000)
    .ARM.Collect$$$$00000001                 0x08000130   Section        4  entry2.o(.ARM.Collect$$$$00000001)
    .ARM.Collect$$$$00000004                 0x08000134   Section        4  entry5.o(.ARM.Collect$$$$00000004)
    .ARM.Collect$$$$00000008                 0x08000138   Section        0  entry7b.o(.ARM.Collect$$$$00000008)
    .ARM.Collect$$$$0000000A                 0x08000138   Section        0  entry8b.o(.ARM.Collect$$$$0000000A)
    .ARM.Collect$$$$0000000B                 0x08000138   Section        8  entry9a.o(.ARM.Collect$$$$0000000B)
    .ARM.Collect$$$$0000000D                 0x08000140   Section        0  entry10a.o(.ARM.Collect$$$$0000000D)
    .ARM.Collect$$$$0000000F                 0x08000140   Section        0  entry11a.o(.ARM.Collect$$$$0000000F)
    .ARM.Collect$$$$00002712                 0x08000140   Section        4  entry2.o(.ARM.Collect$$$$00002712)
    __lit__00000000                          0x08000140   Data           4  entry2.o(.ARM.Collect$$$$00002712)
    .emb_text                                0x08000144   Section        6  sys.o(.emb_text)
    .text                                    0x0800014c   Section       36  startup_stm32f10x_hd.o(.text)
    .text                                    0x08000170   Section        0  memcpya.o(.text)
    .text                                    0x08000194   Section        0  memseta.o(.text)
    .text                                    0x080001b8   Section       36  init.o(.text)
    i.BusFault_Handler                       0x080001dc   Section        0  stm32f10x_it.o(i.BusFault_Handler)
    i.DMA1_Channel1_IRQHandler               0x080001e0   Section        0  stm32f10x_it.o(i.DMA1_Channel1_IRQHandler)
    i.DMA1_Channel2_IRQHandler               0x080001f4   Section        0  stm32f10x_it.o(i.DMA1_Channel2_IRQHandler)
    i.DMA_ClearITPendingBit                  0x0800020c   Section        0  stm32f10x_dma.o(i.DMA_ClearITPendingBit)
    i.DebugMon_Handler                       0x08000224   Section        0  stm32f10x_it.o(i.DebugMon_Handler)
    i.Delay_us                               0x08000228   Section        0  bsp_systick.o(i.Delay_us)
    i.EEPROM_READ_Byte                       0x08000248   Section        0  at24c01.o(i.EEPROM_READ_Byte)
    i.EEPROM_READ_Coeff                      0x08000298   Section        0  flash.o(i.EEPROM_READ_Coeff)
    i.EEPROM_WriteByte                       0x08001002   Section        0  at24c01.o(i.EEPROM_WriteByte)
    i.FLASH_ErasePage                        0x08001070   Section        0  stm32f10x_flash.o(i.FLASH_ErasePage)
    i.FLASH_GetBank1Status                   0x080010ac   Section        0  stm32f10x_flash.o(i.FLASH_GetBank1Status)
    i.FLASH_Lock                             0x080010d4   Section        0  stm32f10x_flash.o(i.FLASH_Lock)
    i.FLASH_PrefetchBufferCmd                0x080010e4   Section        0  stm32f10x_flash.o(i.FLASH_PrefetchBufferCmd)
    i.FLASH_ProgramHalfWord                  0x080010fc   Section        0  stm32f10x_flash.o(i.FLASH_ProgramHalfWord)
    i.FLASH_SetLatency                       0x08001130   Section        0  stm32f10x_flash.o(i.FLASH_SetLatency)
    i.FLASH_Unlock                           0x08001144   Section        0  stm32f10x_flash.o(i.FLASH_Unlock)
    i.FLASH_WaitForLastOperation             0x0800115c   Section        0  stm32f10x_flash.o(i.FLASH_WaitForLastOperation)
    i.GPIO_AFIODeInit                        0x08001180   Section        0  stm32f10x_gpio.o(i.GPIO_AFIODeInit)
    i.GPIO_Conf                              0x08001198   Section        0  gpio.o(i.GPIO_Conf)
    i.GPIO_DeInit                            0x08001234   Section        0  stm32f10x_gpio.o(i.GPIO_DeInit)
    i.GPIO_Init                              0x080012e8   Section        0  stm32f10x_gpio.o(i.GPIO_Init)
    i.GPIO_PinRemapConfig                    0x0800138c   Section        0  stm32f10x_gpio.o(i.GPIO_PinRemapConfig)
    i.GPIO_ReadInputDataBit                  0x080013e4   Section        0  stm32f10x_gpio.o(i.GPIO_ReadInputDataBit)
    i.GPIO_ResetBits                         0x080013f2   Section        0  stm32f10x_gpio.o(i.GPIO_ResetBits)
    i.GPIO_SetBits                           0x080013f6   Section        0  stm32f10x_gpio.o(i.GPIO_SetBits)
    i.HardFault_Handler                      0x080013fa   Section        0  stm32f10x_it.o(i.HardFault_Handler)
    i.Hardware_CRC                           0x080013fc   Section        0  modbus.o(i.Hardware_CRC)
    i.MemManage_Handler                      0x08001478   Section        0  stm32f10x_it.o(i.MemManage_Handler)
    i.NMI_Handler                            0x0800147a   Section        0  stm32f10x_it.o(i.NMI_Handler)
    i.NVIC_Init                              0x0800147c   Section        0  misc.o(i.NVIC_Init)
    i.NVIC_PriorityGroupConfig               0x080014e0   Section        0  misc.o(i.NVIC_PriorityGroupConfig)
    i.RCC_AHBPeriphClockCmd                  0x080014f4   Section        0  stm32f10x_rcc.o(i.RCC_AHBPeriphClockCmd)
    i.RCC_APB1PeriphClockCmd                 0x0800150c   Section        0  stm32f10x_rcc.o(i.RCC_APB1PeriphClockCmd)
    i.RCC_APB2PeriphClockCmd                 0x08001524   Section        0  stm32f10x_rcc.o(i.RCC_APB2PeriphClockCmd)
    i.RCC_APB2PeriphResetCmd                 0x0800153c   Section        0  stm32f10x_rcc.o(i.RCC_APB2PeriphResetCmd)
    i.RCC_Configuration                      0x08001554   Section        0  clock.o(i.RCC_Configuration)
    i.RCC_DeInit                             0x080015c0   Section        0  stm32f10x_rcc.o(i.RCC_DeInit)
    i.RCC_GetClocksFreq                      0x08001600   Section        0  stm32f10x_rcc.o(i.RCC_GetClocksFreq)
    i.RCC_GetFlagStatus                      0x08001690   Section        0  stm32f10x_rcc.o(i.RCC_GetFlagStatus)
    i.RCC_GetSYSCLKSource                    0x080016c0   Section        0  stm32f10x_rcc.o(i.RCC_GetSYSCLKSource)
    i.RCC_HCLKConfig                         0x080016d0   Section        0  stm32f10x_rcc.o(i.RCC_HCLKConfig)
    i.RCC_HSEConfig                          0x080016e4   Section        0  stm32f10x_rcc.o(i.RCC_HSEConfig)
    i.RCC_PCLK1Config                        0x08001718   Section        0  stm32f10x_rcc.o(i.RCC_PCLK1Config)
    i.RCC_PCLK2Config                        0x0800172c   Section        0  stm32f10x_rcc.o(i.RCC_PCLK2Config)
    i.RCC_PLLCmd                             0x08001740   Section        0  stm32f10x_rcc.o(i.RCC_PLLCmd)
    i.RCC_PLLConfig                          0x0800174c   Section        0  stm32f10x_rcc.o(i.RCC_PLLConfig)
    i.RCC_SYSCLKConfig                       0x08001760   Section        0  stm32f10x_rcc.o(i.RCC_SYSCLKConfig)
    i.RCC_WaitForHSEStartUp                  0x08001774   Section        0  stm32f10x_rcc.o(i.RCC_WaitForHSEStartUp)
    i.Read_bootflag                          0x080017a0   Section        0  flash.o(i.Read_bootflag)
    i.ResFinish                              0x080017b4   Section        0  main.o(i.ResFinish)
    i.ResOK                                  0x08001810   Section        0  main.o(i.ResOK)
    i.STMFLASH_Read                          0x08001868   Section        0  stmflash.o(i.STMFLASH_Read)
    i.STMFLASH_Write                         0x08001884   Section        0  stmflash.o(i.STMFLASH_Write)
    i.STMFLASH_Write_NoCheck                 0x08001948   Section        0  stmflash.o(i.STMFLASH_Write_NoCheck)
    i.SVC_Handler                            0x08001970   Section        0  stm32f10x_it.o(i.SVC_Handler)
    i.SetSysClockTo72                        0x08001974   Section        0  system_stm32f10x.o(i.SetSysClockTo72)
    SetSysClockTo72                          0x08001975   Thumb Code   160  system_stm32f10x.o(i.SetSysClockTo72)
    i.SysTick_Handler                        0x08001a1c   Section        0  stm32f10x_it.o(i.SysTick_Handler)
    i.SysTick_Init                           0x08001a54   Section        0  bsp_systick.o(i.SysTick_Init)
    i.SystemInit                             0x08001a98   Section        0  system_stm32f10x.o(i.SystemInit)
    i.TimingDelay_Decrement                  0x08001ae8   Section        0  bsp_systick.o(i.TimingDelay_Decrement)
    i.UART2_Send                             0x08001afc   Section        0  usart.o(i.UART2_Send)
    i.UART_Action                            0x08001b58   Section        0  modbus.o(i.UART_Action)
    i.USART1_IRQHandler                      0x08001eec   Section        0  stm32f10x_it.o(i.USART1_IRQHandler)
    i.USART2_Configuration                   0x08001f30   Section        0  usart.o(i.USART2_Configuration)
    i.USART2_IRQHandler                      0x08001fe4   Section        0  stm32f10x_it.o(i.USART2_IRQHandler)
    i.USART_ClearFlag                        0x080020cc   Section        0  stm32f10x_usart.o(i.USART_ClearFlag)
    i.USART_ClearITPendingBit                0x080020d2   Section        0  stm32f10x_usart.o(i.USART_ClearITPendingBit)
    i.USART_Cmd                              0x080020de   Section        0  stm32f10x_usart.o(i.USART_Cmd)
    i.USART_GetFlagStatus                    0x080020f2   Section        0  stm32f10x_usart.o(i.USART_GetFlagStatus)
    i.USART_GetITStatus                      0x08002100   Section        0  stm32f10x_usart.o(i.USART_GetITStatus)
    i.USART_ITConfig                         0x0800213e   Section        0  stm32f10x_usart.o(i.USART_ITConfig)
    i.USART_Init                             0x08002170   Section        0  stm32f10x_usart.o(i.USART_Init)
    i.USART_ReceiveData                      0x0800221c   Section        0  stm32f10x_usart.o(i.USART_ReceiveData)
    i.USART_SendData                         0x08002224   Section        0  stm32f10x_usart.o(i.USART_SendData)
    i.UsageFault_Handler                     0x0800222c   Section        0  stm32f10x_it.o(i.UsageFault_Handler)
    i.Write_bootflag                         0x08002230   Section        0  flash.o(i.Write_bootflag)
    i.__scatterload_copy                     0x08002240   Section       14  handlers.o(i.__scatterload_copy)
    i.__scatterload_null                     0x0800224e   Section        2  handlers.o(i.__scatterload_null)
    i.__scatterload_zeroinit                 0x08002250   Section       14  handlers.o(i.__scatterload_zeroinit)
    i.i2c_CfgGpio                            0x08002260   Section        0  iic_24c01.o(i.i2c_CfgGpio)
    i.i2c_Delay                              0x080022a8   Section        0  iic_24c01.o(i.i2c_Delay)
    i2c_Delay                                0x080022a9   Thumb Code    26  iic_24c01.o(i.i2c_Delay)
    i.i2c_NAck                               0x080022c4   Section        0  iic_24c01.o(i.i2c_NAck)
    i.i2c_ReadByte                           0x080022fc   Section        0  iic_24c01.o(i.i2c_ReadByte)
    i.i2c_SendByte                           0x08002360   Section        0  iic_24c01.o(i.i2c_SendByte)
    i.i2c_Start                              0x080023d8   Section        0  iic_24c01.o(i.i2c_Start)
    i.i2c_Stop                               0x08002418   Section        0  iic_24c01.o(i.i2c_Stop)
    i.i2c_WaitAck                            0x08002444   Section        0  iic_24c01.o(i.i2c_WaitAck)
    i.iap_load_app                           0x0800248c   Section        0  iap.o(i.iap_load_app)
    i.iap_write_appbin                       0x080024b8   Section        0  iap.o(i.iap_write_appbin)
    i.main                                   0x08002518   Section        0  main.o(i.main)
    .data                                    0x20000000   Section       20  stm32f10x_rcc.o(.data)
    ADCPrescTable                            0x20000000   Data           4  stm32f10x_rcc.o(.data)
    APBAHBPrescTable                         0x20000004   Data          16  stm32f10x_rcc.o(.data)
    .data                                    0x20000014   Section       16  main.o(.data)
    crc                                      0x20000016   Data           2  main.o(.data)
    .data                                    0x20000024   Section        4  main.o(.data)
    .data                                    0x20000028   Section        4  main.o(.data)
    .data                                    0x2000002c   Section        4  stm32f10x_it.o(.data)
    .data                                    0x20000030   Section        1  stm32f10x_it.o(.data)
    .data                                    0x20000031   Section        1  stm32f10x_it.o(.data)
    .data                                    0x20000034   Section       20  system_stm32f10x.o(.data)
    .data                                    0x20000048   Section        4  iap.o(.data)
    .data                                    0x2000004c   Section        4  bsp_systick.o(.data)
    TimingDelay                              0x2000004c   Data           4  bsp_systick.o(.data)
    .data                                    0x20000050   Section        1  at24c01.o(.data)
    date                                     0x20000050   Data           1  at24c01.o(.data)
    .data                                    0x20000051   Section        1  clock.o(.data)
    .data                                    0x20000052   Section        2  modbus.o(.data)
    .data                                    0x20000054   Section        1  usart.o(.data)
    .data                                    0x20000055   Section        1  usart.o(.data)
    .data                                    0x20000056   Section        1  usart.o(.data)
    .bss                                     0x20000058   Section      266  main.o(.bss)
    .bss                                     0x20000162   Section     1026  stm32f10x_it.o(.bss)
    .bss                                     0x20000564   Section     1024  iap.o(.bss)
    .bss                                     0x20000964   Section      104  modbus.o(.bss)
    .bss                                     0x200009cc   Section      104  modbus.o(.bss)
    .bss                                     0x20000a34   Section       13  modbus.o(.bss)
    .bss                                     0x20000a44   Section      220  modbus.o(.bss)
    .bss                                     0x20000b20   Section      200  usart.o(.bss)
    .bss                                     0x20000be8   Section      200  usart.o(.bss)
    .bss                                     0x20000cb0   Section     1024  stmflash.o(.bss)
    STACK                                    0x200010b0   Section     2048  startup_stm32f10x_hd.o(STACK)

    Global Symbols

    Symbol Name                              Value     Ov Type        Size  Object(Section)

    BuildAttributes$$THM_ISAv4$P$D$K$B$S$PE$A:L22UL41UL21$X:L11$S22US41US21$IEEE1$IW$USESV6$~STKCKD$USESV7$~SHL$OSPACE$EBA8$MICROLIB$REQ8$PRES8$EABIv2 0x00000000   Number         0  anon$$obj.o ABSOLUTE
    __ARM_use_no_argv                        0x00000000   Number         0  main.o ABSOLUTE
    __use_no_errno                           0x00000000   Number         0  useno.o ABSOLUTE
    __use_no_exception_handling              0x00000000   Number         0  useno.o ABSOLUTE
    __use_no_fp                              0x00000000   Number         0  useno.o ABSOLUTE
    __use_no_heap                            0x00000000   Number         0  useno.o ABSOLUTE
    __use_no_heap_region                     0x00000000   Number         0  useno.o ABSOLUTE
    __use_no_semihosting                     0x00000000   Number         0  useno.o ABSOLUTE
    __use_no_semihosting_swi                 0x00000000   Number         0  useno.o ABSOLUTE
    __use_no_signal_handling                 0x00000000   Number         0  useno.o ABSOLUTE
    __cpp_initialize__aeabi_                  - Undefined Weak Reference
    __cxa_finalize                            - Undefined Weak Reference
    __decompress                              - Undefined Weak Reference
    _clock_init                               - Undefined Weak Reference
    _microlib_exit                            - Undefined Weak Reference
    __Vectors_Size                           0x00000130   Number         0  startup_stm32f10x_hd.o ABSOLUTE
    __Vectors                                0x08000000   Data           4  startup_stm32f10x_hd.o(RESET)
    __Vectors_End                            0x08000130   Data           0  startup_stm32f10x_hd.o(RESET)
    __main                                   0x08000131   Thumb Code     0  entry.o(.ARM.Collect$$$$00000000)
    _main_stk                                0x08000131   Thumb Code     0  entry2.o(.ARM.Collect$$$$00000001)
    _main_scatterload                        0x08000135   Thumb Code     0  entry5.o(.ARM.Collect$$$$00000004)
    __main_after_scatterload                 0x08000139   Thumb Code     0  entry5.o(.ARM.Collect$$$$00000004)
    _main_clock                              0x08000139   Thumb Code     0  entry7b.o(.ARM.Collect$$$$00000008)
    _main_cpp_init                           0x08000139   Thumb Code     0  entry8b.o(.ARM.Collect$$$$0000000A)
    _main_init                               0x08000139   Thumb Code     0  entry9a.o(.ARM.Collect$$$$0000000B)
    __rt_final_cpp                           0x08000141   Thumb Code     0  entry10a.o(.ARM.Collect$$$$0000000D)
    __rt_final_exit                          0x08000141   Thumb Code     0  entry11a.o(.ARM.Collect$$$$0000000F)
    MSR_MSP                                  0x08000145   Thumb Code     6  sys.o(.emb_text)
    Reset_Handler                            0x0800014d   Thumb Code     8  startup_stm32f10x_hd.o(.text)
    PendSV_Handler                           0x08000163   Thumb Code     2  startup_stm32f10x_hd.o(.text)
    ADC1_2_IRQHandler                        0x08000167   Thumb Code     0  startup_stm32f10x_hd.o(.text)
    ADC3_IRQHandler                          0x08000167   Thumb Code     0  startup_stm32f10x_hd.o(.text)
    CAN1_RX1_IRQHandler                      0x08000167   Thumb Code     0  startup_stm32f10x_hd.o(.text)
    CAN1_SCE_IRQHandler                      0x08000167   Thumb Code     0  startup_stm32f10x_hd.o(.text)
    DMA1_Channel3_IRQHandler                 0x08000167   Thumb Code     0  startup_stm32f10x_hd.o(.text)
    DMA1_Channel4_IRQHandler                 0x08000167   Thumb Code     0  startup_stm32f10x_hd.o(.text)
    DMA1_Channel5_IRQHandler                 0x08000167   Thumb Code     0  startup_stm32f10x_hd.o(.text)
    DMA1_Channel6_IRQHandler                 0x08000167   Thumb Code     0  startup_stm32f10x_hd.o(.text)
    DMA1_Channel7_IRQHandler                 0x08000167   Thumb Code     0  startup_stm32f10x_hd.o(.text)
    DMA2_Channel1_IRQHandler                 0x08000167   Thumb Code     0  startup_stm32f10x_hd.o(.text)
    DMA2_Channel2_IRQHandler                 0x08000167   Thumb Code     0  startup_stm32f10x_hd.o(.text)
    DMA2_Channel3_IRQHandler                 0x08000167   Thumb Code     0  startup_stm32f10x_hd.o(.text)
    DMA2_Channel4_5_IRQHandler               0x08000167   Thumb Code     0  startup_stm32f10x_hd.o(.text)
    EXTI0_IRQHandler                         0x08000167   Thumb Code     0  startup_stm32f10x_hd.o(.text)
    EXTI15_10_IRQHandler                     0x08000167   Thumb Code     0  startup_stm32f10x_hd.o(.text)
    EXTI1_IRQHandler                         0x08000167   Thumb Code     0  startup_stm32f10x_hd.o(.text)
    EXTI2_IRQHandler                         0x08000167   Thumb Code     0  startup_stm32f10x_hd.o(.text)
    EXTI3_IRQHandler                         0x08000167   Thumb Code     0  startup_stm32f10x_hd.o(.text)
    EXTI4_IRQHandler                         0x08000167   Thumb Code     0  startup_stm32f10x_hd.o(.text)
    EXTI9_5_IRQHandler                       0x08000167   Thumb Code     0  startup_stm32f10x_hd.o(.text)
    FLASH_IRQHandler                         0x08000167   Thumb Code     0  startup_stm32f10x_hd.o(.text)
    FSMC_IRQHandler                          0x08000167   Thumb Code     0  startup_stm32f10x_hd.o(.text)
    I2C1_ER_IRQHandler                       0x08000167   Thumb Code     0  startup_stm32f10x_hd.o(.text)
    I2C1_EV_IRQHandler                       0x08000167   Thumb Code     0  startup_stm32f10x_hd.o(.text)
    I2C2_ER_IRQHandler                       0x08000167   Thumb Code     0  startup_stm32f10x_hd.o(.text)
    I2C2_EV_IRQHandler                       0x08000167   Thumb Code     0  startup_stm32f10x_hd.o(.text)
    PVD_IRQHandler                           0x08000167   Thumb Code     0  startup_stm32f10x_hd.o(.text)
    RCC_IRQHandler                           0x08000167   Thumb Code     0  startup_stm32f10x_hd.o(.text)
    RTCAlarm_IRQHandler                      0x08000167   Thumb Code     0  startup_stm32f10x_hd.o(.text)
    RTC_IRQHandler                           0x08000167   Thumb Code     0  startup_stm32f10x_hd.o(.text)
    SDIO_IRQHandler                          0x08000167   Thumb Code     0  startup_stm32f10x_hd.o(.text)
    SPI1_IRQHandler                          0x08000167   Thumb Code     0  startup_stm32f10x_hd.o(.text)
    SPI2_IRQHandler                          0x08000167   Thumb Code     0  startup_stm32f10x_hd.o(.text)
    SPI3_IRQHandler                          0x08000167   Thumb Code     0  startup_stm32f10x_hd.o(.text)
    TAMPER_IRQHandler                        0x08000167   Thumb Code     0  startup_stm32f10x_hd.o(.text)
    TIM1_BRK_IRQHandler                      0x08000167   Thumb Code     0  startup_stm32f10x_hd.o(.text)
    TIM1_CC_IRQHandler                       0x08000167   Thumb Code     0  startup_stm32f10x_hd.o(.text)
    TIM1_TRG_COM_IRQHandler                  0x08000167   Thumb Code     0  startup_stm32f10x_hd.o(.text)
    TIM1_UP_IRQHandler                       0x08000167   Thumb Code     0  startup_stm32f10x_hd.o(.text)
    TIM2_IRQHandler                          0x08000167   Thumb Code     0  startup_stm32f10x_hd.o(.text)
    TIM3_IRQHandler                          0x08000167   Thumb Code     0  startup_stm32f10x_hd.o(.text)
    TIM4_IRQHandler                          0x08000167   Thumb Code     0  startup_stm32f10x_hd.o(.text)
    TIM5_IRQHandler                          0x08000167   Thumb Code     0  startup_stm32f10x_hd.o(.text)
    TIM6_IRQHandler                          0x08000167   Thumb Code     0  startup_stm32f10x_hd.o(.text)
    TIM7_IRQHandler                          0x08000167   Thumb Code     0  startup_stm32f10x_hd.o(.text)
    TIM8_BRK_IRQHandler                      0x08000167   Thumb Code     0  startup_stm32f10x_hd.o(.text)
    TIM8_CC_IRQHandler                       0x08000167   Thumb Code     0  startup_stm32f10x_hd.o(.text)
    TIM8_TRG_COM_IRQHandler                  0x08000167   Thumb Code     0  startup_stm32f10x_hd.o(.text)
    TIM8_UP_IRQHandler                       0x08000167   Thumb Code     0  startup_stm32f10x_hd.o(.text)
    UART4_IRQHandler                         0x08000167   Thumb Code     0  startup_stm32f10x_hd.o(.text)
    UART5_IRQHandler                         0x08000167   Thumb Code     0  startup_stm32f10x_hd.o(.text)
    USART3_IRQHandler                        0x08000167   Thumb Code     0  startup_stm32f10x_hd.o(.text)
    USBWakeUp_IRQHandler                     0x08000167   Thumb Code     0  startup_stm32f10x_hd.o(.text)
    USB_HP_CAN1_TX_IRQHandler                0x08000167   Thumb Code     0  startup_stm32f10x_hd.o(.text)
    USB_LP_CAN1_RX0_IRQHandler               0x08000167   Thumb Code     0  startup_stm32f10x_hd.o(.text)
    WWDG_IRQHandler                          0x08000167   Thumb Code     0  startup_stm32f10x_hd.o(.text)
    __aeabi_memcpy                           0x08000171   Thumb Code    36  memcpya.o(.text)
    __aeabi_memcpy4                          0x08000171   Thumb Code     0  memcpya.o(.text)
    __aeabi_memcpy8                          0x08000171   Thumb Code     0  memcpya.o(.text)
    __aeabi_memset                           0x08000195   Thumb Code    14  memseta.o(.text)
    __aeabi_memset4                          0x08000195   Thumb Code     0  memseta.o(.text)
    __aeabi_memset8                          0x08000195   Thumb Code     0  memseta.o(.text)
    __aeabi_memclr                           0x080001a3   Thumb Code     4  memseta.o(.text)
    __aeabi_memclr4                          0x080001a3   Thumb Code     0  memseta.o(.text)
    __aeabi_memclr8                          0x080001a3   Thumb Code     0  memseta.o(.text)
    _memset$wrapper                          0x080001a7   Thumb Code    18  memseta.o(.text)
    __scatterload                            0x080001b9   Thumb Code    28  init.o(.text)
    __scatterload_rt2                        0x080001b9   Thumb Code     0  init.o(.text)
    BusFault_Handler                         0x080001dd   Thumb Code     2  stm32f10x_it.o(i.BusFault_Handler)
    DMA1_Channel1_IRQHandler                 0x080001e1   Thumb Code    16  stm32f10x_it.o(i.DMA1_Channel1_IRQHandler)
    DMA1_Channel2_IRQHandler                 0x080001f5   Thumb Code    20  stm32f10x_it.o(i.DMA1_Channel2_IRQHandler)
    DMA_ClearITPendingBit                    0x0800020d   Thumb Code    16  stm32f10x_dma.o(i.DMA_ClearITPendingBit)
    DebugMon_Handler                         0x08000225   Thumb Code     2  stm32f10x_it.o(i.DebugMon_Handler)
    Delay_us                                 0x08000229   Thumb Code    28  bsp_systick.o(i.Delay_us)
    EEPROM_READ_Byte                         0x08000249   Thumb Code    76  at24c01.o(i.EEPROM_READ_Byte)
    EEPROM_READ_Coeff                        0x08000299   Thumb Code  3434  flash.o(i.EEPROM_READ_Coeff)
    EEPROM_WriteByte                         0x08001003   Thumb Code   108  at24c01.o(i.EEPROM_WriteByte)
    FLASH_ErasePage                          0x08001071   Thumb Code    56  stm32f10x_flash.o(i.FLASH_ErasePage)
    FLASH_GetBank1Status                     0x080010ad   Thumb Code    34  stm32f10x_flash.o(i.FLASH_GetBank1Status)
    FLASH_Lock                               0x080010d5   Thumb Code    12  stm32f10x_flash.o(i.FLASH_Lock)
    FLASH_PrefetchBufferCmd                  0x080010e5   Thumb Code    18  stm32f10x_flash.o(i.FLASH_PrefetchBufferCmd)
    FLASH_ProgramHalfWord                    0x080010fd   Thumb Code    48  stm32f10x_flash.o(i.FLASH_ProgramHalfWord)
    FLASH_SetLatency                         0x08001131   Thumb Code    14  stm32f10x_flash.o(i.FLASH_SetLatency)
    FLASH_Unlock                             0x08001145   Thumb Code    12  stm32f10x_flash.o(i.FLASH_Unlock)
    FLASH_WaitForLastOperation               0x0800115d   Thumb Code    36  stm32f10x_flash.o(i.FLASH_WaitForLastOperation)
    GPIO_AFIODeInit                          0x08001181   Thumb Code    22  stm32f10x_gpio.o(i.GPIO_AFIODeInit)
    GPIO_Conf                                0x08001199   Thumb Code   134  gpio.o(i.GPIO_Conf)
    GPIO_DeInit                              0x08001235   Thumb Code   152  stm32f10x_gpio.o(i.GPIO_DeInit)
    GPIO_Init                                0x080012e9   Thumb Code   162  stm32f10x_gpio.o(i.GPIO_Init)
    GPIO_PinRemapConfig                      0x0800138d   Thumb Code    82  stm32f10x_gpio.o(i.GPIO_PinRemapConfig)
    GPIO_ReadInputDataBit                    0x080013e5   Thumb Code    14  stm32f10x_gpio.o(i.GPIO_ReadInputDataBit)
    GPIO_ResetBits                           0x080013f3   Thumb Code     4  stm32f10x_gpio.o(i.GPIO_ResetBits)
    GPIO_SetBits                             0x080013f7   Thumb Code     4  stm32f10x_gpio.o(i.GPIO_SetBits)
    HardFault_Handler                        0x080013fb   Thumb Code     2  stm32f10x_it.o(i.HardFault_Handler)
    Hardware_CRC                             0x080013fd   Thumb Code   124  modbus.o(i.Hardware_CRC)
    MemManage_Handler                        0x08001479   Thumb Code     2  stm32f10x_it.o(i.MemManage_Handler)
    NMI_Handler                              0x0800147b   Thumb Code     2  stm32f10x_it.o(i.NMI_Handler)
    NVIC_Init                                0x0800147d   Thumb Code    94  misc.o(i.NVIC_Init)
    NVIC_PriorityGroupConfig                 0x080014e1   Thumb Code    10  misc.o(i.NVIC_PriorityGroupConfig)
    RCC_AHBPeriphClockCmd                    0x080014f5   Thumb Code    18  stm32f10x_rcc.o(i.RCC_AHBPeriphClockCmd)
    RCC_APB1PeriphClockCmd                   0x0800150d   Thumb Code    18  stm32f10x_rcc.o(i.RCC_APB1PeriphClockCmd)
    RCC_APB2PeriphClockCmd                   0x08001525   Thumb Code    18  stm32f10x_rcc.o(i.RCC_APB2PeriphClockCmd)
    RCC_APB2PeriphResetCmd                   0x0800153d   Thumb Code    18  stm32f10x_rcc.o(i.RCC_APB2PeriphResetCmd)
    RCC_Configuration                        0x08001555   Thumb Code   102  clock.o(i.RCC_Configuration)
    RCC_DeInit                               0x080015c1   Thumb Code    50  stm32f10x_rcc.o(i.RCC_DeInit)
    RCC_GetClocksFreq                        0x08001601   Thumb Code   128  stm32f10x_rcc.o(i.RCC_GetClocksFreq)
    RCC_GetFlagStatus                        0x08001691   Thumb Code    44  stm32f10x_rcc.o(i.RCC_GetFlagStatus)
    RCC_GetSYSCLKSource                      0x080016c1   Thumb Code    10  stm32f10x_rcc.o(i.RCC_GetSYSCLKSource)
    RCC_HCLKConfig                           0x080016d1   Thumb Code    14  stm32f10x_rcc.o(i.RCC_HCLKConfig)
    RCC_HSEConfig                            0x080016e5   Thumb Code    48  stm32f10x_rcc.o(i.RCC_HSEConfig)
    RCC_PCLK1Config                          0x08001719   Thumb Code    14  stm32f10x_rcc.o(i.RCC_PCLK1Config)
    RCC_PCLK2Config                          0x0800172d   Thumb Code    16  stm32f10x_rcc.o(i.RCC_PCLK2Config)
    RCC_PLLCmd                               0x08001741   Thumb Code     6  stm32f10x_rcc.o(i.RCC_PLLCmd)
    RCC_PLLConfig                            0x0800174d   Thumb Code    16  stm32f10x_rcc.o(i.RCC_PLLConfig)
    RCC_SYSCLKConfig                         0x08001761   Thumb Code    14  stm32f10x_rcc.o(i.RCC_SYSCLKConfig)
    RCC_WaitForHSEStartUp                    0x08001775   Thumb Code    44  stm32f10x_rcc.o(i.RCC_WaitForHSEStartUp)
    Read_bootflag                            0x080017a1   Thumb Code    14  flash.o(i.Read_bootflag)
    ResFinish                                0x080017b5   Thumb Code    76  main.o(i.ResFinish)
    ResOK                                    0x08001811   Thumb Code    76  main.o(i.ResOK)
    STMFLASH_Read                            0x08001869   Thumb Code    26  stmflash.o(i.STMFLASH_Read)
    STMFLASH_Write                           0x08001885   Thumb Code   190  stmflash.o(i.STMFLASH_Write)
    STMFLASH_Write_NoCheck                   0x08001949   Thumb Code    40  stmflash.o(i.STMFLASH_Write_NoCheck)
    SVC_Handler                              0x08001971   Thumb Code     2  stm32f10x_it.o(i.SVC_Handler)
    SysTick_Handler                          0x08001a1d   Thumb Code    44  stm32f10x_it.o(i.SysTick_Handler)
    SysTick_Init                             0x08001a55   Thumb Code    58  bsp_systick.o(i.SysTick_Init)
    SystemInit                               0x08001a99   Thumb Code    64  system_stm32f10x.o(i.SystemInit)
    TimingDelay_Decrement                    0x08001ae9   Thumb Code    16  bsp_systick.o(i.TimingDelay_Decrement)
    UART2_Send                               0x08001afd   Thumb Code    76  usart.o(i.UART2_Send)
    UART_Action                              0x08001b59   Thumb Code   880  modbus.o(i.UART_Action)
    USART1_IRQHandler                        0x08001eed   Thumb Code    54  stm32f10x_it.o(i.USART1_IRQHandler)
    USART2_Configuration                     0x08001f31   Thumb Code   166  usart.o(i.USART2_Configuration)
    USART2_IRQHandler                        0x08001fe5   Thumb Code   196  stm32f10x_it.o(i.USART2_IRQHandler)
    USART_ClearFlag                          0x080020cd   Thumb Code     6  stm32f10x_usart.o(i.USART_ClearFlag)
    USART_ClearITPendingBit                  0x080020d3   Thumb Code    12  stm32f10x_usart.o(i.USART_ClearITPendingBit)
    USART_Cmd                                0x080020df   Thumb Code    20  stm32f10x_usart.o(i.USART_Cmd)
    USART_GetFlagStatus                      0x080020f3   Thumb Code    14  stm32f10x_usart.o(i.USART_GetFlagStatus)
    USART_GetITStatus                        0x08002101   Thumb Code    62  stm32f10x_usart.o(i.USART_GetITStatus)
    USART_ITConfig                           0x0800213f   Thumb Code    48  stm32f10x_usart.o(i.USART_ITConfig)
    USART_Init                               0x08002171   Thumb Code   166  stm32f10x_usart.o(i.USART_Init)
    USART_ReceiveData                        0x0800221d   Thumb Code     8  stm32f10x_usart.o(i.USART_ReceiveData)
    USART_SendData                           0x08002225   Thumb Code     8  stm32f10x_usart.o(i.USART_SendData)
    UsageFault_Handler                       0x0800222d   Thumb Code     2  stm32f10x_it.o(i.UsageFault_Handler)
    Write_bootflag                           0x08002231   Thumb Code    10  flash.o(i.Write_bootflag)
    __scatterload_copy                       0x08002241   Thumb Code    14  handlers.o(i.__scatterload_copy)
    __scatterload_null                       0x0800224f   Thumb Code     2  handlers.o(i.__scatterload_null)
    __scatterload_zeroinit                   0x08002251   Thumb Code    14  handlers.o(i.__scatterload_zeroinit)
    i2c_CfgGpio                              0x08002261   Thumb Code    68  iic_24c01.o(i.i2c_CfgGpio)
    i2c_NAck                                 0x080022c5   Thumb Code    50  iic_24c01.o(i.i2c_NAck)
    i2c_ReadByte                             0x080022fd   Thumb Code    96  iic_24c01.o(i.i2c_ReadByte)
    i2c_SendByte                             0x08002361   Thumb Code   116  iic_24c01.o(i.i2c_SendByte)
    i2c_Start                                0x080023d9   Thumb Code    58  iic_24c01.o(i.i2c_Start)
    i2c_Stop                                 0x08002419   Thumb Code    40  iic_24c01.o(i.i2c_Stop)
    i2c_WaitAck                              0x08002445   Thumb Code    68  iic_24c01.o(i.i2c_WaitAck)
    iap_load_app                             0x0800248d   Thumb Code    36  iap.o(i.iap_load_app)
    iap_write_appbin                         0x080024b9   Thumb Code    92  iap.o(i.iap_write_appbin)
    main                                     0x08002519   Thumb Code   236  main.o(i.main)
    Region$$Table$$Base                      0x08002620   Number         0  anon$$obj.o(Region$$Table)
    Region$$Table$$Limit                     0x08002640   Number         0  anon$$obj.o(Region$$Table)
    bootflag                                 0x20000014   Data           1  main.o(.data)
    rxbtye                                   0x20000018   Data           2  main.o(.data)
    flagA                                    0x2000001c   Data           4  main.o(.data)
    iapwriteaddr                             0x20000020   Data           4  main.o(.data)
    flagB                                    0x20000024   Data           4  main.o(.data)
    flagC                                    0x20000028   Data           4  main.o(.data)
    recupfileflag                            0x2000002c   Data           1  stm32f10x_it.o(.data)
    USART_RX_CNT                             0x2000002e   Data           2  stm32f10x_it.o(.data)
    dynaflagA                                0x20000030   Data           1  stm32f10x_it.o(.data)
    dynaflagB                                0x20000031   Data           1  stm32f10x_it.o(.data)
    SystemCoreClock                          0x20000034   Data           4  system_stm32f10x.o(.data)
    AHBPrescTable                            0x20000038   Data          16  system_stm32f10x.o(.data)
    jump2app                                 0x20000048   Data           4  iap.o(.data)
    HSEStartUpStatus                         0x20000051   Data           1  clock.o(.data)
    testflag                                 0x20000052   Data           1  modbus.o(.data)
    dynaonflag                               0x20000053   Data           1  modbus.o(.data)
    UART_Buffer_Size                         0x20000054   Data           1  usart.o(.data)
    Transmit_BUFFERsize                      0x20000055   Data           1  usart.o(.data)
    t_USART                                  0x20000056   Data           1  usart.o(.data)
    iapfilebuf                               0x20000058   Data         256  main.o(.bss)
    iaprespondbuf                            0x20000158   Data          10  main.o(.bss)
    uprecbuf                                 0x20000162   Data        1026  stm32f10x_it.o(.bss)
    iapbuf                                   0x20000564   Data        1024  iap.o(.bss)
    Correct_Parametet                        0x20000964   Data         104  modbus.o(.bss)
    Correct_Strong                           0x200009cc   Data         104  modbus.o(.bss)
    coefficient                              0x20000a34   Data          13  modbus.o(.bss)
    Run_Control                              0x20000a44   Data         220  modbus.o(.bss)
    UART_Buffer_Rece                         0x20000b20   Data         200  usart.o(.bss)
    UART_Buffer_Send                         0x20000be8   Data         200  usart.o(.bss)
    STMFLASH_BUF                             0x20000cb0   Data        1024  stmflash.o(.bss)
    __initial_sp                             0x200018b0   Data           0  startup_stm32f10x_hd.o(STACK)



==============================================================================

Memory Map of the image

  Image Entry point : 0x08000131

  Load Region LR_IROM1 (Base: 0x08000000, Size: 0x00002698, Max: 0x00010000, ABSOLUTE)

    Execution Region ER_IROM1 (Exec base: 0x08000000, Load base: 0x08000000, Size: 0x00002640, Max: 0x00010000, ABSOLUTE)

    Exec Addr    Load Addr    Size         Type   Attr      Idx    E Section Name        Object

    0x08000000   0x08000000   0x00000130   Data   RO           19    RESET               startup_stm32f10x_hd.o
    0x08000130   0x08000130   0x00000000   Code   RO         4100  * .ARM.Collect$$$$00000000  mc_w.l(entry.o)
    0x08000130   0x08000130   0x00000004   Code   RO         4111    .ARM.Collect$$$$00000001  mc_w.l(entry2.o)
    0x08000134   0x08000134   0x00000004   Code   RO         4114    .ARM.Collect$$$$00000004  mc_w.l(entry5.o)
    0x08000138   0x08000138   0x00000000   Code   RO         4116    .ARM.Collect$$$$00000008  mc_w.l(entry7b.o)
    0x08000138   0x08000138   0x00000000   Code   RO         4118    .ARM.Collect$$$$0000000A  mc_w.l(entry8b.o)
    0x08000138   0x08000138   0x00000008   Code   RO         4119    .ARM.Collect$$$$0000000B  mc_w.l(entry9a.o)
    0x08000140   0x08000140   0x00000000   Code   RO         4121    .ARM.Collect$$$$0000000D  mc_w.l(entry10a.o)
    0x08000140   0x08000140   0x00000000   Code   RO         4123    .ARM.Collect$$$$0000000F  mc_w.l(entry11a.o)
    0x08000140   0x08000140   0x00000004   Code   RO         4112    .ARM.Collect$$$$00002712  mc_w.l(entry2.o)
    0x08000144   0x08000144   0x00000006   Code   RO         4072    .emb_text           sys.o
    0x0800014a   0x0800014a   0x00000002   PAD
    0x0800014c   0x0800014c   0x00000024   Code   RO           20    .text               startup_stm32f10x_hd.o
    0x08000170   0x08000170   0x00000024   Code   RO         4103    .text               mc_w.l(memcpya.o)
    0x08000194   0x08000194   0x00000024   Code   RO         4105    .text               mc_w.l(memseta.o)
    0x080001b8   0x080001b8   0x00000024   Code   RO         4125    .text               mc_w.l(init.o)
    0x080001dc   0x080001dc   0x00000002   Code   RO         3234    i.BusFault_Handler  stm32f10x_it.o
    0x080001de   0x080001de   0x00000002   PAD
    0x080001e0   0x080001e0   0x00000014   Code   RO         3235    i.DMA1_Channel1_IRQHandler  stm32f10x_it.o
    0x080001f4   0x080001f4   0x00000018   Code   RO         3236    i.DMA1_Channel2_IRQHandler  stm32f10x_it.o
    0x0800020c   0x0800020c   0x00000018   Code   RO          833    i.DMA_ClearITPendingBit  stm32f10x_dma.o
    0x08000224   0x08000224   0x00000002   Code   RO         3237    i.DebugMon_Handler  stm32f10x_it.o
    0x08000226   0x08000226   0x00000002   PAD
    0x08000228   0x08000228   0x00000020   Code   RO         3456    i.Delay_us          bsp_systick.o
    0x08000248   0x08000248   0x00000050   Code   RO         3490    i.EEPROM_READ_Byte  at24c01.o
    0x08000298   0x08000298   0x00000d6a   Code   RO         3577    i.EEPROM_READ_Coeff  flash.o
    0x08001002   0x08001002   0x0000006c   Code   RO         3491    i.EEPROM_WriteByte  at24c01.o
    0x0800106e   0x0800106e   0x00000002   PAD
    0x08001070   0x08001070   0x0000003c   Code   RO          963    i.FLASH_ErasePage   stm32f10x_flash.o
    0x080010ac   0x080010ac   0x00000028   Code   RO          964    i.FLASH_GetBank1Status  stm32f10x_flash.o
    0x080010d4   0x080010d4   0x00000010   Code   RO          973    i.FLASH_Lock        stm32f10x_flash.o
    0x080010e4   0x080010e4   0x00000018   Code   RO          975    i.FLASH_PrefetchBufferCmd  stm32f10x_flash.o
    0x080010fc   0x080010fc   0x00000034   Code   RO          976    i.FLASH_ProgramHalfWord  stm32f10x_flash.o
    0x08001130   0x08001130   0x00000014   Code   RO          980    i.FLASH_SetLatency  stm32f10x_flash.o
    0x08001144   0x08001144   0x00000018   Code   RO          981    i.FLASH_Unlock      stm32f10x_flash.o
    0x0800115c   0x0800115c   0x00000024   Code   RO          985    i.FLASH_WaitForLastOperation  stm32f10x_flash.o
    0x08001180   0x08001180   0x00000016   Code   RO         1250    i.GPIO_AFIODeInit   stm32f10x_gpio.o
    0x08001196   0x08001196   0x00000002   PAD
    0x08001198   0x08001198   0x0000009c   Code   RO         3651    i.GPIO_Conf         gpio.o
    0x08001234   0x08001234   0x000000b4   Code   RO         1251    i.GPIO_DeInit       stm32f10x_gpio.o
    0x080012e8   0x080012e8   0x000000a2   Code   RO         1256    i.GPIO_Init         stm32f10x_gpio.o
    0x0800138a   0x0800138a   0x00000002   PAD
    0x0800138c   0x0800138c   0x00000058   Code   RO         1258    i.GPIO_PinRemapConfig  stm32f10x_gpio.o
    0x080013e4   0x080013e4   0x0000000e   Code   RO         1260    i.GPIO_ReadInputDataBit  stm32f10x_gpio.o
    0x080013f2   0x080013f2   0x00000004   Code   RO         1263    i.GPIO_ResetBits    stm32f10x_gpio.o
    0x080013f6   0x080013f6   0x00000004   Code   RO         1264    i.GPIO_SetBits      stm32f10x_gpio.o
    0x080013fa   0x080013fa   0x00000002   Code   RO         3238    i.HardFault_Handler  stm32f10x_it.o
    0x080013fc   0x080013fc   0x0000007c   Code   RO         3764    i.Hardware_CRC      modbus.o
    0x08001478   0x08001478   0x00000002   Code   RO         3239    i.MemManage_Handler  stm32f10x_it.o
    0x0800147a   0x0800147a   0x00000002   Code   RO         3240    i.NMI_Handler       stm32f10x_it.o
    0x0800147c   0x0800147c   0x00000064   Code   RO           24    i.NVIC_Init         misc.o
    0x080014e0   0x080014e0   0x00000014   Code   RO           25    i.NVIC_PriorityGroupConfig  misc.o
    0x080014f4   0x080014f4   0x00000018   Code   RO         1671    i.RCC_AHBPeriphClockCmd  stm32f10x_rcc.o
    0x0800150c   0x0800150c   0x00000018   Code   RO         1672    i.RCC_APB1PeriphClockCmd  stm32f10x_rcc.o
    0x08001524   0x08001524   0x00000018   Code   RO         1674    i.RCC_APB2PeriphClockCmd  stm32f10x_rcc.o
    0x0800153c   0x0800153c   0x00000018   Code   RO         1675    i.RCC_APB2PeriphResetCmd  stm32f10x_rcc.o
    0x08001554   0x08001554   0x0000006c   Code   RO         3540    i.RCC_Configuration  clock.o
    0x080015c0   0x080015c0   0x00000040   Code   RO         1681    i.RCC_DeInit        stm32f10x_rcc.o
    0x08001600   0x08001600   0x00000090   Code   RO         1682    i.RCC_GetClocksFreq  stm32f10x_rcc.o
    0x08001690   0x08001690   0x00000030   Code   RO         1683    i.RCC_GetFlagStatus  stm32f10x_rcc.o
    0x080016c0   0x080016c0   0x00000010   Code   RO         1685    i.RCC_GetSYSCLKSource  stm32f10x_rcc.o
    0x080016d0   0x080016d0   0x00000014   Code   RO         1686    i.RCC_HCLKConfig    stm32f10x_rcc.o
    0x080016e4   0x080016e4   0x00000034   Code   RO         1687    i.RCC_HSEConfig     stm32f10x_rcc.o
    0x08001718   0x08001718   0x00000014   Code   RO         1693    i.RCC_PCLK1Config   stm32f10x_rcc.o
    0x0800172c   0x0800172c   0x00000014   Code   RO         1694    i.RCC_PCLK2Config   stm32f10x_rcc.o
    0x08001740   0x08001740   0x0000000c   Code   RO         1695    i.RCC_PLLCmd        stm32f10x_rcc.o
    0x0800174c   0x0800174c   0x00000014   Code   RO         1696    i.RCC_PLLConfig     stm32f10x_rcc.o
    0x08001760   0x08001760   0x00000014   Code   RO         1699    i.RCC_SYSCLKConfig  stm32f10x_rcc.o
    0x08001774   0x08001774   0x0000002c   Code   RO         1701    i.RCC_WaitForHSEStartUp  stm32f10x_rcc.o
    0x080017a0   0x080017a0   0x00000014   Code   RO         3581    i.Read_bootflag     flash.o
    0x080017b4   0x080017b4   0x0000005c   Code   RO         3057    i.ResFinish         main.o
    0x08001810   0x08001810   0x00000058   Code   RO         3058    i.ResOK             main.o
    0x08001868   0x08001868   0x0000001a   Code   RO         4035    i.STMFLASH_Read     stmflash.o
    0x08001882   0x08001882   0x00000002   PAD
    0x08001884   0x08001884   0x000000c4   Code   RO         4037    i.STMFLASH_Write    stmflash.o
    0x08001948   0x08001948   0x00000028   Code   RO         4038    i.STMFLASH_Write_NoCheck  stmflash.o
    0x08001970   0x08001970   0x00000002   Code   RO         3241    i.SVC_Handler       stm32f10x_it.o
    0x08001972   0x08001972   0x00000002   PAD
    0x08001974   0x08001974   0x000000a8   Code   RO         3335    i.SetSysClockTo72   system_stm32f10x.o
    0x08001a1c   0x08001a1c   0x00000038   Code   RO         3242    i.SysTick_Handler   stm32f10x_it.o
    0x08001a54   0x08001a54   0x00000044   Code   RO         3457    i.SysTick_Init      bsp_systick.o
    0x08001a98   0x08001a98   0x00000050   Code   RO         3337    i.SystemInit        system_stm32f10x.o
    0x08001ae8   0x08001ae8   0x00000014   Code   RO         3458    i.TimingDelay_Decrement  bsp_systick.o
    0x08001afc   0x08001afc   0x0000005c   Code   RO         3840    i.UART2_Send        usart.o
    0x08001b58   0x08001b58   0x00000394   Code   RO         3766    i.UART_Action       modbus.o
    0x08001eec   0x08001eec   0x00000044   Code   RO         3243    i.USART1_IRQHandler  stm32f10x_it.o
    0x08001f30   0x08001f30   0x000000b4   Code   RO         3841    i.USART2_Configuration  usart.o
    0x08001fe4   0x08001fe4   0x000000e8   Code   RO         3244    i.USART2_IRQHandler  stm32f10x_it.o
    0x080020cc   0x080020cc   0x00000006   Code   RO         2822    i.USART_ClearFlag   stm32f10x_usart.o
    0x080020d2   0x080020d2   0x0000000c   Code   RO         2823    i.USART_ClearITPendingBit  stm32f10x_usart.o
    0x080020de   0x080020de   0x00000014   Code   RO         2826    i.USART_Cmd         stm32f10x_usart.o
    0x080020f2   0x080020f2   0x0000000e   Code   RO         2829    i.USART_GetFlagStatus  stm32f10x_usart.o
    0x08002100   0x08002100   0x0000003e   Code   RO         2830    i.USART_GetITStatus  stm32f10x_usart.o
    0x0800213e   0x0800213e   0x00000030   Code   RO         2832    i.USART_ITConfig    stm32f10x_usart.o
    0x0800216e   0x0800216e   0x00000002   PAD
    0x08002170   0x08002170   0x000000ac   Code   RO         2833    i.USART_Init        stm32f10x_usart.o
    0x0800221c   0x0800221c   0x00000008   Code   RO         2840    i.USART_ReceiveData  stm32f10x_usart.o
    0x08002224   0x08002224   0x00000008   Code   RO         2843    i.USART_SendData    stm32f10x_usart.o
    0x0800222c   0x0800222c   0x00000002   Code   RO         3245    i.UsageFault_Handler  stm32f10x_it.o
    0x0800222e   0x0800222e   0x00000002   PAD
    0x08002230   0x08002230   0x00000010   Code   RO         3585    i.Write_bootflag    flash.o
    0x08002240   0x08002240   0x0000000e   Code   RO         4129    i.__scatterload_copy  mc_w.l(handlers.o)
    0x0800224e   0x0800224e   0x00000002   Code   RO         4130    i.__scatterload_null  mc_w.l(handlers.o)
    0x08002250   0x08002250   0x0000000e   Code   RO         4131    i.__scatterload_zeroinit  mc_w.l(handlers.o)
    0x0800225e   0x0800225e   0x00000002   PAD
    0x08002260   0x08002260   0x00000048   Code   RO         3664    i.i2c_CfgGpio       iic_24c01.o
    0x080022a8   0x080022a8   0x0000001a   Code   RO         3666    i.i2c_Delay         iic_24c01.o
    0x080022c2   0x080022c2   0x00000002   PAD
    0x080022c4   0x080022c4   0x00000038   Code   RO         3667    i.i2c_NAck          iic_24c01.o
    0x080022fc   0x080022fc   0x00000064   Code   RO         3668    i.i2c_ReadByte      iic_24c01.o
    0x08002360   0x08002360   0x00000078   Code   RO         3669    i.i2c_SendByte      iic_24c01.o
    0x080023d8   0x080023d8   0x00000040   Code   RO         3670    i.i2c_Start         iic_24c01.o
    0x08002418   0x08002418   0x0000002c   Code   RO         3671    i.i2c_Stop          iic_24c01.o
    0x08002444   0x08002444   0x00000048   Code   RO         3672    i.i2c_WaitAck       iic_24c01.o
    0x0800248c   0x0800248c   0x0000002c   Code   RO         3364    i.iap_load_app      iap.o
    0x080024b8   0x080024b8   0x00000060   Code   RO         3365    i.iap_write_appbin  iap.o
    0x08002518   0x08002518   0x00000108   Code   RO         3059    i.main              main.o
    0x08002620   0x08002620   0x00000020   Data   RO         4127    Region$$Table       anon$$obj.o


    Execution Region RW_IRAM1 (Exec base: 0x20000000, Load base: 0x08002640, Size: 0x000018b0, Max: 0x00005000, ABSOLUTE)

    Exec Addr    Load Addr    Size         Type   Attr      Idx    E Section Name        Object

    0x20000000   0x08002640   0x00000014   Data   RW         1702    .data               stm32f10x_rcc.o
    0x20000014   0x08002654   0x00000010   Data   RW         3062    .data               main.o
    0x20000024   0x08002664   0x00000004   Data   RW         3063    .data               main.o
    0x20000028   0x08002668   0x00000004   Data   RW         3064    .data               main.o
    0x2000002c   0x0800266c   0x00000004   Data   RW         3247    .data               stm32f10x_it.o
    0x20000030   0x08002670   0x00000001   Data   RW         3250    .data               stm32f10x_it.o
    0x20000031   0x08002671   0x00000001   Data   RW         3251    .data               stm32f10x_it.o
    0x20000032   0x08002672   0x00000002   PAD
    0x20000034   0x08002674   0x00000014   Data   RW         3338    .data               system_stm32f10x.o
    0x20000048   0x08002688   0x00000004   Data   RW         3367    .data               iap.o
    0x2000004c   0x0800268c   0x00000004   Data   RW         3459    .data               bsp_systick.o
    0x20000050   0x08002690   0x00000001   Data   RW         3496    .data               at24c01.o
    0x20000051   0x08002691   0x00000001   Data   RW         3541    .data               clock.o
    0x20000052   0x08002692   0x00000002   Data   RW         3773    .data               modbus.o
    0x20000054   0x08002694   0x00000001   Data   RW         3850    .data               usart.o
    0x20000055   0x08002695   0x00000001   Data   RW         3851    .data               usart.o
    0x20000056   0x08002696   0x00000001   Data   RW         3852    .data               usart.o
    0x20000057   0x08002697   0x00000001   PAD
    0x20000058        -       0x0000010a   Zero   RW         3061    .bss                main.o
    0x20000162        -       0x00000402   Zero   RW         3246    .bss                stm32f10x_it.o
    0x20000564        -       0x00000400   Zero   RW         3366    .bss                iap.o
    0x20000964        -       0x00000068   Zero   RW         3768    .bss                modbus.o
    0x200009cc        -       0x00000068   Zero   RW         3769    .bss                modbus.o
    0x20000a34        -       0x0000000d   Zero   RW         3770    .bss                modbus.o
    0x20000a41   0x08002697   0x00000003   PAD
    0x20000a44        -       0x000000dc   Zero   RW         3771    .bss                modbus.o
    0x20000b20        -       0x000000c8   Zero   RW         3845    .bss                usart.o
    0x20000be8        -       0x000000c8   Zero   RW         3846    .bss                usart.o
    0x20000cb0        -       0x00000400   Zero   RW         4040    .bss                stmflash.o
    0x200010b0        -       0x00000800   Zero   RW           17    STACK               startup_stm32f10x_hd.o


==============================================================================

Image component sizes


      Code (inc. data)   RO Data    RW Data    ZI Data      Debug   Object Name

       188          4          0          1          0       1178   at24c01.o
       120         18          0          4          0      16625   bsp_systick.o
       108          6          0          1          0        671   clock.o
         0          0          0          0          0       4588   core_cm3.o
      3470         28          0          0          0       2777   flash.o
       156         22          0          0          0        492   gpio.o
       140         12          0          4       1024       1760   iap.o
       554         32          0          0          0       4520   iic_24c01.o
       444         56          0         24        266     208076   main.o
       120         16          0          0          0     235591   misc.o
      1040         36          0          2        441      10980   modbus.o
        36          8        304          0       2048        784   startup_stm32f10x_hd.o
        24          8          0          0          0        500   stm32f10x_dma.o
       272         42          0          0          0       6000   stm32f10x_flash.o
       474         34          0          0          0       5282   stm32f10x_gpio.o
       414         70          0          6       1026       6422   stm32f10x_it.o
       576        100          0         20          0      10975   stm32f10x_rcc.o
       350          6          0          0          0       6977   stm32f10x_usart.o
       262          6          0          0       1024       2861   stmflash.o
         6          0          0          0          0        296   sys.o
       248         24          0         20          0       1681   system_stm32f10x.o
       272         30          0          3        400       3638   usart.o

    ----------------------------------------------------------------------
      9296        558        336         88       6232     532674   Object Totals
         0          0         32          0          0          0   (incl. Generated)
        22          0          0          3          3          0   (incl. Padding)

    ----------------------------------------------------------------------

      Code (inc. data)   RO Data    RW Data    ZI Data      Debug   Library Member Name

         0          0          0          0          0          0   entry.o
         0          0          0          0          0          0   entry10a.o
         0          0          0          0          0          0   entry11a.o
         8          4          0          0          0          0   entry2.o
         4          0          0          0          0          0   entry5.o
         0          0          0          0          0          0   entry7b.o
         0          0          0          0          0          0   entry8b.o
         8          4          0          0          0          0   entry9a.o
        30          0          0          0          0          0   handlers.o
        36          8          0          0          0         68   init.o
        36          0          0          0          0         68   memcpya.o
        36          0          0          0          0        108   memseta.o

    ----------------------------------------------------------------------
       160         16          0          0          0        244   Library Totals
         2          0          0          0          0          0   (incl. Padding)

    ----------------------------------------------------------------------

      Code (inc. data)   RO Data    RW Data    ZI Data      Debug   Library Name

       158         16          0          0          0        244   mc_w.l

    ----------------------------------------------------------------------
       160         16          0          0          0        244   Library Totals

    ----------------------------------------------------------------------

==============================================================================


      Code (inc. data)   RO Data    RW Data    ZI Data      Debug   

      9456        574        336         88       6232     528702   Grand Totals
      9456        574        336         88       6232     528702   ELF Image Totals
      9456        574        336         88          0          0   ROM Totals

==============================================================================

    Total RO  Size (Code + RO Data)                 9792 (   9.56kB)
    Total RW  Size (RW Data + ZI Data)              6320 (   6.17kB)
    Total ROM Size (Code + RO Data + RW Data)       9880 (   9.65kB)

==============================================================================

